Archive member included to satisfy reference by file (symbol)

/Applications/STM32CubeIDE.app/Contents/Eclipse/plugins/com.st.stm32cube.ide.mcu.externaltools.gnu-tools-for-stm32.14.3.rel1.macosaarch64_1.0.0.202602081740/tools/bin/../lib/gcc/arm-none-eabi/14.3.1/../../../../arm-none-eabi/lib/thumb/v7-m/nofp/libc_nano.a(libc_a-exit.o)
                              /Applications/STM32CubeIDE.app/Contents/Eclipse/plugins/com.st.stm32cube.ide.mcu.externaltools.gnu-tools-for-stm32.14.3.rel1.macosaarch64_1.0.0.202602081740/tools/bin/../lib/gcc/arm-none-eabi/14.3.1/../../../../arm-none-eabi/lib/thumb/v7-m/nofp/crt0.o (exit)
/Applications/STM32CubeIDE.app/Contents/Eclipse/plugins/com.st.stm32cube.ide.mcu.externaltools.gnu-tools-for-stm32.14.3.rel1.macosaarch64_1.0.0.202602081740/tools/bin/../lib/gcc/arm-none-eabi/14.3.1/../../../../arm-none-eabi/lib/thumb/v7-m/nofp/libc_nano.a(libc_a-findfp.o)
                              /Applications/STM32CubeIDE.app/Contents/Eclipse/plugins/com.st.stm32cube.ide.mcu.externaltools.gnu-tools-for-stm32.14.3.rel1.macosaarch64_1.0.0.202602081740/tools/bin/../lib/gcc/arm-none-eabi/14.3.1/../../../../arm-none-eabi/lib/thumb/v7-m/nofp/libc_nano.a(libc_a-exit.o) (__stdio_exit_handler)
/Applications/STM32CubeIDE.app/Contents/Eclipse/plugins/com.st.stm32cube.ide.mcu.externaltools.gnu-tools-for-stm32.14.3.rel1.macosaarch64_1.0.0.202602081740/tools/bin/../lib/gcc/arm-none-eabi/14.3.1/../../../../arm-none-eabi/lib/thumb/v7-m/nofp/libc_nano.a(libc_a-fwalk.o)
                              /Applications/STM32CubeIDE.app/Contents/Eclipse/plugins/com.st.stm32cube.ide.mcu.externaltools.gnu-tools-for-stm32.14.3.rel1.macosaarch64_1.0.0.202602081740/tools/bin/../lib/gcc/arm-none-eabi/14.3.1/../../../../arm-none-eabi/lib/thumb/v7-m/nofp/libc_nano.a(libc_a-findfp.o) (_fwalk_sglue)
/Applications/STM32CubeIDE.app/Contents/Eclipse/plugins/com.st.stm32cube.ide.mcu.externaltools.gnu-tools-for-stm32.14.3.rel1.macosaarch64_1.0.0.202602081740/tools/bin/../lib/gcc/arm-none-eabi/14.3.1/../../../../arm-none-eabi/lib/thumb/v7-m/nofp/libc_nano.a(libc_a-memset.o)
                              /Applications/STM32CubeIDE.app/Contents/Eclipse/plugins/com.st.stm32cube.ide.mcu.externaltools.gnu-tools-for-stm32.14.3.rel1.macosaarch64_1.0.0.202602081740/tools/bin/../lib/gcc/arm-none-eabi/14.3.1/../../../../arm-none-eabi/lib/thumb/v7-m/nofp/crt0.o (memset)
/Applications/STM32CubeIDE.app/Contents/Eclipse/plugins/com.st.stm32cube.ide.mcu.externaltools.gnu-tools-for-stm32.14.3.rel1.macosaarch64_1.0.0.202602081740/tools/bin/../lib/gcc/arm-none-eabi/14.3.1/../../../../arm-none-eabi/lib/thumb/v7-m/nofp/libc_nano.a(libc_a-errno.o)
                              ./Core/Src/syscalls.o (__errno)
/Applications/STM32CubeIDE.app/Contents/Eclipse/plugins/com.st.stm32cube.ide.mcu.externaltools.gnu-tools-for-stm32.14.3.rel1.macosaarch64_1.0.0.202602081740/tools/bin/../lib/gcc/arm-none-eabi/14.3.1/../../../../arm-none-eabi/lib/thumb/v7-m/nofp/libc_nano.a(libc_a-init.o)
                              /Applications/STM32CubeIDE.app/Contents/Eclipse/plugins/com.st.stm32cube.ide.mcu.externaltools.gnu-tools-for-stm32.14.3.rel1.macosaarch64_1.0.0.202602081740/tools/bin/../lib/gcc/arm-none-eabi/14.3.1/../../../../arm-none-eabi/lib/thumb/v7-m/nofp/crt0.o (__libc_init_array)
/Applications/STM32CubeIDE.app/Contents/Eclipse/plugins/com.st.stm32cube.ide.mcu.externaltools.gnu-tools-for-stm32.14.3.rel1.macosaarch64_1.0.0.202602081740/tools/bin/../lib/gcc/arm-none-eabi/14.3.1/../../../../arm-none-eabi/lib/thumb/v7-m/nofp/libc_nano.a(libc_a-lock.o)
                              /Applications/STM32CubeIDE.app/Contents/Eclipse/plugins/com.st.stm32cube.ide.mcu.externaltools.gnu-tools-for-stm32.14.3.rel1.macosaarch64_1.0.0.202602081740/tools/bin/../lib/gcc/arm-none-eabi/14.3.1/../../../../arm-none-eabi/lib/thumb/v7-m/nofp/libc_nano.a(libc_a-findfp.o) (__retarget_lock_init_recursive)
/Applications/STM32CubeIDE.app/Contents/Eclipse/plugins/com.st.stm32cube.ide.mcu.externaltools.gnu-tools-for-stm32.14.3.rel1.macosaarch64_1.0.0.202602081740/tools/bin/../lib/gcc/arm-none-eabi/14.3.1/../../../../arm-none-eabi/lib/thumb/v7-m/nofp/libc_nano.a(libc_a-impure.o)
                              /Applications/STM32CubeIDE.app/Contents/Eclipse/plugins/com.st.stm32cube.ide.mcu.externaltools.gnu-tools-for-stm32.14.3.rel1.macosaarch64_1.0.0.202602081740/tools/bin/../lib/gcc/arm-none-eabi/14.3.1/../../../../arm-none-eabi/lib/thumb/v7-m/nofp/libc_nano.a(libc_a-errno.o) (_impure_ptr)
/Applications/STM32CubeIDE.app/Contents/Eclipse/plugins/com.st.stm32cube.ide.mcu.externaltools.gnu-tools-for-stm32.14.3.rel1.macosaarch64_1.0.0.202602081740/tools/bin/../lib/gcc/arm-none-eabi/14.3.1/../../../../arm-none-eabi/lib/thumb/v7-m/nofp/libc_nano.a(libc_a-mallocr.o)
[...]
Memory Configuration

Name             Origin             Length             Attributes
RAM              0x20000000         0x00005000         xrw
FLASH            0x08000000         0x00010000         xr
*default*        0x00000000         0xffffffff

Linker script and memory map

LOAD /Applications/STM32CubeIDE.app/Contents/Eclipse/plugins/com.st.stm32cube.ide.mcu.externaltools.gnu-tools-for-stm32.14.3.rel1.macosaarch64_1.0.0.202602081740/tools/bin/../lib/gcc/arm-none-eabi/14.3.1/thumb/v7-m/nofp/crti.o
LOAD /Applications/STM32CubeIDE.app/Contents/Eclipse/plugins/com.st.stm32cube.ide.mcu.externaltools.gnu-tools-for-stm32.14.3.rel1.macosaarch64_1.0.0.202602081740/tools/bin/../lib/gcc/arm-none-eabi/14.3.1/thumb/v7-m/nofp/crtbegin.o
LOAD /Applications/STM32CubeIDE.app/Contents/Eclipse/plugins/com.st.stm32cube.ide.mcu.externaltools.gnu-tools-for-stm32.14.3.rel1.macosaarch64_1.0.0.202602081740/tools/bin/../lib/gcc/arm-none-eabi/14.3.1/../../../../arm-none-eabi/lib/thumb/v7-m/nofp/crt0.o
LOAD ./Core/Src/Audio.o
LOAD ./Core/Src/Buttons.o
LOAD ./Core/Src/Game.o
LOAD ./Core/Src/Max7219.o
LOAD ./Core/Src/Scoreboard.o
LOAD ./Core/Src/Ssd1306.o
LOAD ./Core/Src/main.o
LOAD ./Core/Src/stm32f1xx_hal_msp.o
LOAD ./Core/Src/stm32f1xx_it.o
LOAD ./Core/Src/syscalls.o
LOAD ./Core/Src/sysmem.o
LOAD ./Core/Src/system_stm32f1xx.o
LOAD ./Core/Startup/startup_stm32f103c8tx.o
LOAD ./Drivers/STM32F1xx_HAL_Driver/Src/stm32f1xx_hal.o
LOAD ./Drivers/STM32F1xx_HAL_Driver/Src/stm32f1xx_hal_adc.o
LOAD ./Drivers/STM32F1xx_HAL_Driver/Src/stm32f1xx_hal_adc_ex.o
LOAD ./Drivers/STM32F1xx_HAL_Driver/Src/stm32f1xx_hal_cortex.o
LOAD ./Drivers/STM32F1xx_HAL_Driver/Src/stm32f1xx_hal_dma.o
LOAD ./Drivers/STM32F1xx_HAL_Driver/Src/stm32f1xx_hal_exti.o
LOAD ./Drivers/STM32F1xx_HAL_Driver/Src/stm32f1xx_hal_flash.o
LOAD ./Drivers/STM32F1xx_HAL_Driver/Src/stm32f1xx_hal_flash_ex.o
LOAD ./Drivers/STM32F1xx_HAL_Driver/Src/stm32f1xx_hal_gpio.o
LOAD ./Drivers/STM32F1xx_HAL_Driver/Src/stm32f1xx_hal_gpio_ex.o
LOAD ./Drivers/STM32F1xx_HAL_Driver/Src/stm32f1xx_hal_i2c.o
LOAD ./Drivers/STM32F1xx_HAL_Driver/Src/stm32f1xx_hal_pwr.o
LOAD ./Drivers/STM32F1xx_HAL_Driver/Src/stm32f1xx_hal_rcc.o
LOAD ./Drivers/STM32F1xx_HAL_Driver/Src/stm32f1xx_hal_rcc_ex.o
LOAD ./Drivers/STM32F1xx_HAL_Driver/Src/stm32f1xx_hal_spi.o
LOAD ./Drivers/STM32F1xx_HAL_Driver/Src/stm32f1xx_hal_tim.o
LOAD ./Drivers/STM32F1xx_HAL_Driver/Src/stm32f1xx_hal_tim_ex.o
START GROUP
LOAD /Applications/STM32CubeIDE.app/Contents/Eclipse/plugins/com.st.stm32cube.ide.mcu.externaltools.gnu-tools-for-stm32.14.3.rel1.macosaarch64_1.0.0.202602081740/tools/bin/../lib/gcc/arm-none-eabi/14.3.1/../../../../arm-none-eabi/lib/thumb/v7-m/nofp/libc_nano.a
LOAD /Applications/STM32CubeIDE.app/Contents/Eclipse/plugins/com.st.stm32cube.ide.mcu.externaltools.gnu-tools-for-stm32.14.3.rel1.macosaarch64_1.0.0.202602081740/tools/bin/../lib/gcc/arm-none-eabi/14.3.1/../../../../arm-none-eabi/lib/thumb/v7-m/nofp/libm.a
END GROUP
START GROUP
LOAD /Applications/STM32CubeIDE.app/Contents/Eclipse/plugins/com.st.stm32cube.ide.mcu.externaltools.gnu-tools-for-stm32.14.3.rel1.macosaarch64_1.0.0.202602081740/tools/bin/../lib/gcc/arm-none-eabi/14.3.1/thumb/v7-m/nofp/libgcc.a
LOAD /Applications/STM32CubeIDE.app/Contents/Eclipse/plugins/com.st.stm32cube.ide.mcu.externaltools.gnu-tools-for-stm32.14.3.rel1.macosaarch64_1.0.0.202602081740/tools/bin/../lib/gcc/arm-none-eabi/14.3.1/../../../../arm-none-eabi/lib/thumb/v7-m/nofp/libc_nano.a
END GROUP
START GROUP
LOAD /Applications/STM32CubeIDE.app/Contents/Eclipse/plugins/com.st.stm32cube.ide.mcu.externaltools.gnu-tools-for-stm32.14.3.rel1.macosaarch64_1.0.0.202602081740/tools/bin/../lib/gcc/arm-none-eabi/14.3.1/thumb/v7-m/nofp/libgcc.a
LOAD /Applications/STM32CubeIDE.app/Contents/Eclipse/plugins/com.st.stm32cube.ide.mcu.externaltools.gnu-tools-for-stm32.14.3.rel1.macosaarch64_1.0.0.202602081740/tools/bin/../lib/gcc/arm-none-eabi/14.3.1/../../../../arm-none-eabi/lib/thumb/v7-m/nofp/libc_nano.a
LOAD /Applications/STM32CubeIDE.app/Contents/Eclipse/plugins/com.st.stm32cube.ide.mcu.externaltools.gnu-tools-for-stm32.14.3.rel1.macosaarch64_1.0.0.202602081740/tools/bin/../lib/gcc/arm-none-eabi/14.3.1/../../../../arm-none-eabi/lib/thumb/v7-m/nofp/libnosys.a
END GROUP
START GROUP
LOAD /Applications/STM32CubeIDE.app/Contents/Eclipse/plugins/com.st.stm32cube.ide.mcu.externaltools.gnu-tools-for-stm32.14.3.rel1.macosaarch64_1.0.0.202602081740/tools/bin/../lib/gcc/arm-none-eabi/14.3.1/thumb/v7-m/nofp/libgcc.a
LOAD /Applications/STM32CubeIDE.app/Contents/Eclipse/plugins/com.st.stm32cube.ide.mcu.externaltools.gnu-tools-for-stm32.14.3.rel1.macosaarch64_1.0.0.202602081740/tools/bin/../lib/gcc/arm-none-eabi/14.3.1/../../../../arm-none-eabi/lib/thumb/v7-m/nofp/libc_nano.a
LOAD /Applications/STM32CubeIDE.app/Contents/Eclipse/plugins/com.st.stm32cube.ide.mcu.externaltools.gnu-tools-for-stm32.14.3.rel1.macosaarch64_1.0.0.202602081740/tools/bin/../lib/gcc/arm-none-eabi/14.3.1/../../../../arm-none-eabi/lib/thumb/v7-m/nofp/libnosys.a
END GROUP
LOAD /Applications/STM32CubeIDE.app/Contents/Eclipse/plugins/com.st.stm32cube.ide.mcu.externaltools.gnu-tools-for-stm32.14.3.rel1.macosaarch64_1.0.0.202602081740/tools/bin/../lib/gcc/arm-none-eabi/14.3.1/thumb/v7-m/nofp/crtend.o
LOAD /Applications/STM32CubeIDE.app/Contents/Eclipse/plugins/com.st.stm32cube.ide.mcu.externaltools.gnu-tools-for-stm32.14.3.rel1.macosaarch64_1.0.0.202602081740/tools/bin/../lib/gcc/arm-none-eabi/14.3.1/thumb/v7-m/nofp/crtn.o
                0x20005000                        _estack = (ORIGIN (RAM) + LENGTH (RAM))
                0x00000200                        _Min_Heap_Size = 0x200
                0x00000400                        _Min_Stack_Size = 0x400

.isr_vector     0x08000000      0x10c
                0x08000000                        . = ALIGN (0x4)
 *(.isr_vector)
 .isr_vector    0x08000000      0x10c ./Core/Startup/startup_stm32f103c8tx.o
                0x08000000                g_pfnVectors
                0x0800010c                        . = ALIGN (0x4)

.text           0x0800010c     0x6584
                0x0800010c                        . = ALIGN (0x4)
 *(.text)
 .text          0x0800010c       0x40 /Applications/STM32CubeIDE.app/Contents/Eclipse/plugins/com.st.stm32cube.ide.mcu.externaltools.gnu-tools-for-stm32.14.3.rel1.macosaarch64_1.0.0.202602081740/tools/bin/../lib/gcc/arm-none-eabi/14.3.1/thumb/v7-m/nofp/crtbegin.o
 .text          0x0800014c      0x21c /Applications/STM32CubeIDE.app/Contents/Eclipse/plugins/com.st.stm32cube.ide.mcu.externaltools.gnu-tools-for-stm32.14.3.rel1.macosaarch64_1.0.0.202602081740/tools/bin/../lib/gcc/arm-none-eabi/14.3.1/thumb/v7-m/nofp/libgcc.a(_arm_addsubsf3.o)
                0x0800014c                __aeabi_frsub
                0x08000154                __aeabi_fsub
                0x08000154                __subsf3
                0x08000158                __aeabi_fadd
                0x08000158                __addsf3
                0x080002b8                __aeabi_ui2f
                0x080002b8                __floatunsisf
                0x080002c0                __floatsisf
                0x080002c0                __aeabi_i2f
                0x080002dc                __aeabi_ul2f
                0x080002dc                __floatundisf
                0x080002ec                __aeabi_l2f
                0x080002ec                __floatdisf
 .text          0x08000368      0x2a0 /Applications/STM32CubeIDE.app/Contents/Eclipse/plugins/com.st.stm32cube.ide.mcu.externaltools.gnu-tools-for-stm32.14.3.rel1.macosaarch64_1.0.0.202602081740/tools/bin/../lib/gcc/arm-none-eabi/14.3.1/thumb/v7-m/nofp/libgcc.a(_arm_muldivsf3.o)
                0x08000368                __mulsf3
                0x08000368                __aeabi_fmul
                0x080004d0                __divsf3
                0x080004d0                __aeabi_fdiv
 .text          0x08000608       0xec /Applications/STM32CubeIDE.app/Contents/Eclipse/plugins/com.st.stm32cube.ide.mcu.externaltools.gnu-tools-for-stm32.14.3.rel1.macosaarch64_1.0.0.202602081740/tools/bin/../lib/gcc/arm-none-eabi/14.3.1/thumb/v7-m/nofp/libgcc.a(_arm_cmpsf2.o)
                0x08000608                __gesf2
                0x08000608                __gtsf2
                0x08000610                __ltsf2
                0x08000610                __lesf2
                0x08000618                __nesf2
                0x08000618                __eqsf2
                0x08000618                __cmpsf2
                0x08000678                __aeabi_cfrcmple
                0x08000680                __aeabi_cfcmpeq
                0x08000680                __aeabi_cfcmple
                0x08000690                __aeabi_fcmpeq
                0x080006a4                __aeabi_fcmplt
                0x080006b8                __aeabi_fcmple
                0x080006cc                __aeabi_fcmpge
                0x080006e0                __aeabi_fcmpgt
 .text          0x080006f4       0x4c /Applications/STM32CubeIDE.app/Contents/Eclipse/plugins/com.st.stm32cube.ide.mcu.externaltools.gnu-tools-for-stm32.14.3.rel1.macosaarch64_1.0.0.202602081740/tools/bin/../lib/gcc/arm-none-eabi/14.3.1/thumb/v7-m/nofp/libgcc.a(_arm_fixsfsi.o)
                0x080006f4                __fixsfsi
                0x080006f4                __aeabi_f2iz
 *(.text*)
 .text.Audio_Init
                0x08000740       0xf4 ./Core/Src/Audio.o
                0x08000740                Audio_Init
 .text.GoertzelPower
                0x08000834       0xb8 ./Core/Src/Audio.o
 .text.Audio_Update
                0x080008ec      0x6c0 ./Core/Src/Audio.o
                0x080008ec                Audio_Update
 .text.Audio_GetLevel
                0x08000fac       0x14 ./Core/Src/Audio.o
                0x08000fac                Audio_GetLevel
 .text.Audio_GetBandLevel
                0x08000fc0       0x28 ./Core/Src/Audio.o
                0x08000fc0                Audio_GetBandLevel
 .text.Audio_PeakDetected
                0x08000fe8       0x28 ./Core/Src/Audio.o
                0x08000fe8                Audio_PeakDetected
 .text.Buttons_Init
                0x08001010       0x90 ./Core/Src/Buttons.o
                0x08001010                Buttons_Init
 .text.Buttons_Update
                0x080010a0       0xc0 ./Core/Src/Buttons.o
                0x080010a0                Buttons_Update
 .text.Buttons_IsDown
                0x08001160       0x28 ./Core/Src/Buttons.o
                0x08001160                Buttons_IsDown
 .text.Buttons_WasJustPressed
                0x08001188       0x28 ./Core/Src/Buttons.o
                0x08001188                Buttons_WasJustPressed
 .text.PlotCell
                0x080011b0       0x78 ./Core/Src/Game.o
 .text.SpawnNote
                0x08001228       0xa0 ./Core/Src/Game.o
 .text.AdvanceNotes
                0x080012c8       0xac ./Core/Src/Game.o
 .text.TryHit   0x08001374       0xe0 ./Core/Src/Game.o
 .text.Render   0x08001454      0x224 ./Core/Src/Game.o
 .text.Game_Init
                0x08001678       0xd0 ./Core/Src/Game.o
                0x08001678                Game_Init
 .text.Game_Update
                0x08001748      0x10c ./Core/Src/Game.o
                0x08001748                Game_Update
 .text.Game_GetScore
                0x08001854       0x14 ./Core/Src/Game.o
                0x08001854                Game_GetScore
 .text.Game_GetHits
                0x08001868       0x14 ./Core/Src/Game.o
                0x08001868                Game_GetHits
 .text.Game_GetMisses
                0x0800187c       0x14 ./Core/Src/Game.o
                0x0800187c                Game_GetMisses
 .text.Game_IsPerfectFlashActive
                0x08001890       0x20 ./Core/Src/Game.o
                0x08001890                Game_IsPerfectFlashActive
 .text.CS_Low   0x080018b0       0x18 ./Core/Src/Max7219.o
 .text.CS_High  0x080018c8       0x18 ./Core/Src/Max7219.o
 .text.MAX7219_WriteAll
                0x080018e0       0x4a ./Core/Src/Max7219.o
                0x080018e0                MAX7219_WriteAll
 .text.MAX7219_Init
                0x0800192a       0x4c ./Core/Src/Max7219.o
                0x0800192a                MAX7219_Init
 .text.MAX7219_SetIntensity
                0x08001976       0x26 ./Core/Src/Max7219.o
                0x08001976                MAX7219_SetIntensity
 .text.MAX7219_Clear
                0x0800199c       0x30 ./Core/Src/Max7219.o
                0x0800199c                MAX7219_Clear
 .text.MAX7219_SetColumn
                0x080019cc       0x58 ./Core/Src/Max7219.o
                0x080019cc                MAX7219_SetColumn
 .text.MAX7219_DrawFrame
                0x08001a24       0x62 ./Core/Src/Max7219.o
                0x08001a24                MAX7219_DrawFrame
 .text.Scoreboard_Init
                0x08001a86       0x16 ./Core/Src/Scoreboard.o
                0x08001a86                Scoreboard_Init
 .text.Scoreboard_Update
                0x08001a9c       0xf0 ./Core/Src/Scoreboard.o
                0x08001a9c                Scoreboard_Update
 .text.WriteCmd
                0x08001b8c       0x30 ./Core/Src/Ssd1306.o
 .text.SSD1306_Init
                0x08001bbc       0xe2 ./Core/Src/Ssd1306.o
                0x08001bbc                SSD1306_Init
 *fill*         0x08001c9e        0x2 
 .text.SSD1306_Clear
                0x08001ca0       0x34 ./Core/Src/Ssd1306.o
                0x08001ca0                SSD1306_Clear
 .text.SetPixel
                0x08001cd4       0x68 ./Core/Src/Ssd1306.o
 .text.FindGlyph
                0x08001d3c       0x78 ./Core/Src/Ssd1306.o
 .text.DrawGlyph
                0x08001db4       0xbe ./Core/Src/Ssd1306.o
 .text.SSD1306_DrawChar
                0x08001e72       0x4c ./Core/Src/Ssd1306.o
                0x08001e72                SSD1306_DrawChar
 .text.SSD1306_DrawText
                0x08001ebe       0x60 ./Core/Src/Ssd1306.o
                0x08001ebe                SSD1306_DrawText
 *fill*         0x08001f1e        0x2 
 .text.SSD1306_DrawNumber
                0x08001f20       0xcc ./Core/Src/Ssd1306.o
                0x08001f20                SSD1306_DrawNumber
 .text.SSD1306_Display
                0x08001fec       0xb0 ./Core/Src/Ssd1306.o
                0x08001fec                SSD1306_Display
 .text.main     0x0800209c       0x64 ./Core/Src/main.o
                0x0800209c                main
 .text.SystemClock_Config
                0x08002100       0xaa ./Core/Src/main.o
                0x08002100                SystemClock_Config
 *fill*         0x080021aa        0x2 
 .text.MX_ADC1_Init
                0x080021ac       0xd4 ./Core/Src/main.o
 .text.MX_I2C1_Init
                0x08002280       0x5c ./Core/Src/main.o
 .text.MX_SPI1_Init
                0x080022dc       0x6c ./Core/Src/main.o
 .text.MX_TIM3_Init
                0x08002348       0x9c ./Core/Src/main.o
 .text.MX_DMA_Init
                0x080023e4       0x3c ./Core/Src/main.o
 .text.MX_GPIO_Init
                0x08002420      0x10c ./Core/Src/main.o
 .text.Error_Handler
                0x0800252c        0xc ./Core/Src/main.o
                0x0800252c                Error_Handler
 .text.HAL_MspInit
                0x08002538       0x64 ./Core/Src/stm32f1xx_hal_msp.o
                0x08002538                HAL_MspInit
 .text.HAL_ADC_MspInit
                0x0800259c       0xd0 ./Core/Src/stm32f1xx_hal_msp.o
                0x0800259c                HAL_ADC_MspInit
 .text.HAL_I2C_MspInit
                0x0800266c       0xa0 ./Core/Src/stm32f1xx_hal_msp.o
                0x0800266c                HAL_I2C_MspInit
 .text.HAL_SPI_MspInit
                0x0800270c       0x7c ./Core/Src/stm32f1xx_hal_msp.o
                0x0800270c                HAL_SPI_MspInit
 .text.HAL_TIM_Base_MspInit
                0x08002788       0x3c ./Core/Src/stm32f1xx_hal_msp.o
                0x08002788                HAL_TIM_Base_MspInit
 .text.NMI_Handler
                0x080027c4        0x8 ./Core/Src/stm32f1xx_it.o
                0x080027c4                NMI_Handler
 .text.HardFault_Handler
                0x080027cc        0x8 ./Core/Src/stm32f1xx_it.o
                0x080027cc                HardFault_Handler
 .text.MemManage_Handler
                0x080027d4        0x8 ./Core/Src/stm32f1xx_it.o
                0x080027d4                MemManage_Handler
 .text.BusFault_Handler
                0x080027dc        0x8 ./Core/Src/stm32f1xx_it.o
                0x080027dc                BusFault_Handler
 .text.UsageFault_Handler
                0x080027e4        0x8 ./Core/Src/stm32f1xx_it.o
                0x080027e4                UsageFault_Handler
 .text.SVC_Handler
                0x080027ec        0xc ./Core/Src/stm32f1xx_it.o
                0x080027ec                SVC_Handler
 .text.DebugMon_Handler
                0x080027f8        0xc ./Core/Src/stm32f1xx_it.o
                0x080027f8                DebugMon_Handler
 .text.PendSV_Handler
                0x08002804        0xc ./Core/Src/stm32f1xx_it.o
                0x08002804                PendSV_Handler
 .text.SysTick_Handler
                0x08002810        0xc ./Core/Src/stm32f1xx_it.o
                0x08002810                SysTick_Handler
 .text.DMA1_Channel1_IRQHandler
                0x0800281c       0x14 ./Core/Src/stm32f1xx_it.o
                0x0800281c                DMA1_Channel1_IRQHandler
 .text.SystemInit
                0x08002830        0xc ./Core/Src/system_stm32f1xx.o
                0x08002830                SystemInit
 .text.Reset_Handler
                0x0800283c       0x48 ./Core/Startup/startup_stm32f103c8tx.o
                0x0800283c                Reset_Handler
 .text.Default_Handler
                0x08002884        0x2 ./Core/Startup/startup_stm32f103c8tx.o
                0x08002884                USBWakeUp_IRQHandler
                0x08002884                EXTI2_IRQHandler
                0x08002884                TIM1_CC_IRQHandler
                0x08002884                PVD_IRQHandler
                0x08002884                EXTI3_IRQHandler
                0x08002884                EXTI0_IRQHandler
                0x08002884                I2C2_EV_IRQHandler
                0x08002884                ADC1_2_IRQHandler
                0x08002884                SPI1_IRQHandler
                0x08002884                TAMPER_IRQHandler
                0x08002884                DMA1_Channel4_IRQHandler
                0x08002884                USART3_IRQHandler
                0x08002884                RTC_IRQHandler
                0x08002884                DMA1_Channel7_IRQHandler
                0x08002884                CAN1_RX1_IRQHandler
                0x08002884                TIM4_IRQHandler
                0x08002884                I2C1_EV_IRQHandler
                0x08002884                DMA1_Channel6_IRQHandler
                0x08002884                TIM3_IRQHandler
                0x08002884                RCC_IRQHandler
                0x08002884                TIM1_TRG_COM_IRQHandler
                0x08002884                Default_Handler
                0x08002884                EXTI15_10_IRQHandler
                0x08002884                EXTI9_5_IRQHandler
                0x08002884                SPI2_IRQHandler
                0x08002884                DMA1_Channel5_IRQHandler
                0x08002884                EXTI4_IRQHandler
                0x08002884                USB_LP_CAN1_RX0_IRQHandler
                0x08002884                USB_HP_CAN1_TX_IRQHandler
                0x08002884                DMA1_Channel3_IRQHandler
                0x08002884                TIM1_UP_IRQHandler
                0x08002884                WWDG_IRQHandler
                0x08002884                TIM2_IRQHandler
                0x08002884                TIM1_BRK_IRQHandler
                0x08002884                EXTI1_IRQHandler
                0x08002884                USART2_IRQHandler
                0x08002884                I2C2_ER_IRQHandler
                0x08002884                DMA1_Channel2_IRQHandler
                0x08002884                CAN1_SCE_IRQHandler
                0x08002884                FLASH_IRQHandler
                0x08002884                USART1_IRQHandler
                0x08002884                I2C1_ER_IRQHandler
                0x08002884                RTC_Alarm_IRQHandler
 *fill*         0x08002886        0x2 
 .text.HAL_Init
                0x08002888       0x2c ./Drivers/STM32F1xx_HAL_Driver/Src/stm32f1xx_hal.o
                0x08002888                HAL_Init
 .text.HAL_InitTick
                0x080028b4       0x60 ./Drivers/STM32F1xx_HAL_Driver/Src/stm32f1xx_hal.o
                0x080028b4                HAL_InitTick
 .text.HAL_IncTick
                0x08002914       0x24 ./Drivers/STM32F1xx_HAL_Driver/Src/stm32f1xx_hal.o
                0x08002914                HAL_IncTick
 .text.HAL_GetTick
                0x08002938       0x14 ./Drivers/STM32F1xx_HAL_Driver/Src/stm32f1xx_hal.o
                0x08002938                HAL_GetTick
 .text.HAL_Delay
                0x0800294c       0x48 ./Drivers/STM32F1xx_HAL_Driver/Src/stm32f1xx_hal.o
                0x0800294c                HAL_Delay
 .text.HAL_ADC_Init
                0x08002994      0x1b0 ./Drivers/STM32F1xx_HAL_Driver/Src/stm32f1xx_hal_adc.o
                0x08002994                HAL_ADC_Init
 .text.HAL_ADC_Start_DMA
                0x08002b44      0x1bc ./Drivers/STM32F1xx_HAL_Driver/Src/stm32f1xx_hal_adc.o
                0x08002b44                HAL_ADC_Start_DMA
 .text.HAL_ADC_ConvCpltCallback
                0x08002d00       0x12 ./Drivers/STM32F1xx_HAL_Driver/Src/stm32f1xx_hal_adc.o
                0x08002d00                HAL_ADC_ConvCpltCallback
 .text.HAL_ADC_ConvHalfCpltCallback
                0x08002d12       0x12 ./Drivers/STM32F1xx_HAL_Driver/Src/stm32f1xx_hal_adc.o
                0x08002d12                HAL_ADC_ConvHalfCpltCallback
 .text.HAL_ADC_ErrorCallback
                0x08002d24       0x12 ./Drivers/STM32F1xx_HAL_Driver/Src/stm32f1xx_hal_adc.o
                0x08002d24                HAL_ADC_ErrorCallback
 *fill*         0x08002d36        0x2 
 .text.HAL_ADC_ConfigChannel
                0x08002d38      0x1f0 ./Drivers/STM32F1xx_HAL_Driver/Src/stm32f1xx_hal_adc.o
                0x08002d38                HAL_ADC_ConfigChannel
 .text.ADC_Enable
                0x08002f28       0xb4 ./Drivers/STM32F1xx_HAL_Driver/Src/stm32f1xx_hal_adc.o
                0x08002f28                ADC_Enable
 .text.ADC_ConversionStop_Disable
                0x08002fdc       0x82 ./Drivers/STM32F1xx_HAL_Driver/Src/stm32f1xx_hal_adc.o
                0x08002fdc                ADC_ConversionStop_Disable
 .text.ADC_DMAConvCplt
                0x0800305e       0x7c ./Drivers/STM32F1xx_HAL_Driver/Src/stm32f1xx_hal_adc.o
                0x0800305e                ADC_DMAConvCplt
 .text.ADC_DMAHalfConvCplt
                0x080030da       0x1c ./Drivers/STM32F1xx_HAL_Driver/Src/stm32f1xx_hal_adc.o
                0x080030da                ADC_DMAHalfConvCplt
 .text.ADC_DMAError
                0x080030f6       0x34 ./Drivers/STM32F1xx_HAL_Driver/Src/stm32f1xx_hal_adc.o
                0x080030f6                ADC_DMAError
 *fill*         0x0800312a        0x2 
 .text.__NVIC_SetPriorityGrouping
                0x0800312c       0x48 ./Drivers/STM32F1xx_HAL_Driver/Src/stm32f1xx_hal_cortex.o
 .text.__NVIC_GetPriorityGrouping
                0x08003174       0x1c ./Drivers/STM32F1xx_HAL_Driver/Src/stm32f1xx_hal_cortex.o
 .text.__NVIC_EnableIRQ
                0x08003190       0x38 ./Drivers/STM32F1xx_HAL_Driver/Src/stm32f1xx_hal_cortex.o
 .text.__NVIC_SetPriority
                0x080031c8       0x54 ./Drivers/STM32F1xx_HAL_Driver/Src/stm32f1xx_hal_cortex.o
 .text.NVIC_EncodePriority
                0x0800321c       0x64 ./Drivers/STM32F1xx_HAL_Driver/Src/stm32f1xx_hal_cortex.o
 .text.SysTick_Config
                0x08003280       0x44 ./Drivers/STM32F1xx_HAL_Driver/Src/stm32f1xx_hal_cortex.o
 .text.HAL_NVIC_SetPriorityGrouping
                0x080032c4       0x16 ./Drivers/STM32F1xx_HAL_Driver/Src/stm32f1xx_hal_cortex.o
                0x080032c4                HAL_NVIC_SetPriorityGrouping
 .text.HAL_NVIC_SetPriority
                0x080032da       0x38 ./Drivers/STM32F1xx_HAL_Driver/Src/stm32f1xx_hal_cortex.o
                0x080032da                HAL_NVIC_SetPriority
 .text.HAL_NVIC_EnableIRQ
                0x08003312       0x1c ./Drivers/STM32F1xx_HAL_Driver/Src/stm32f1xx_hal_cortex.o
                0x08003312                HAL_NVIC_EnableIRQ
 .text.HAL_SYSTICK_Config
                0x0800332e       0x18 ./Drivers/STM32F1xx_HAL_Driver/Src/stm32f1xx_hal_cortex.o
                0x0800332e                HAL_SYSTICK_Config
 *fill*         0x08003346        0x2 
 .text.HAL_DMA_Init
                0x08003348       0xb4 ./Drivers/STM32F1xx_HAL_Driver/Src/stm32f1xx_hal_dma.o
                0x08003348                HAL_DMA_Init
 .text.HAL_DMA_Start_IT
                0x080033fc       0xc0 ./Drivers/STM32F1xx_HAL_Driver/Src/stm32f1xx_hal_dma.o
                0x080033fc                HAL_DMA_Start_IT
 .text.HAL_DMA_IRQHandler
                0x080034bc      0x20c ./Drivers/STM32F1xx_HAL_Driver/Src/stm32f1xx_hal_dma.o
                0x080034bc                HAL_DMA_IRQHandler
 .text.DMA_SetConfig
                0x080036c8       0x5a ./Drivers/STM32F1xx_HAL_Driver/Src/stm32f1xx_hal_dma.o
 *fill*         0x08003722        0x2 
 .text.HAL_GPIO_Init
                0x08003724      0x308 ./Drivers/STM32F1xx_HAL_Driver/Src/stm32f1xx_hal_gpio.o
                0x08003724                HAL_GPIO_Init
 .text.HAL_GPIO_ReadPin
                0x08003a2c       0x2e ./Drivers/STM32F1xx_HAL_Driver/Src/stm32f1xx_hal_gpio.o
                0x08003a2c                HAL_GPIO_ReadPin
 .text.HAL_GPIO_WritePin
                0x08003a5a       0x30 ./Drivers/STM32F1xx_HAL_Driver/Src/stm32f1xx_hal_gpio.o
                0x08003a5a                HAL_GPIO_WritePin
 *fill*         0x08003a8a        0x2 
 .text.HAL_I2C_Init
                0x08003a8c      0x288 ./Drivers/STM32F1xx_HAL_Driver/Src/stm32f1xx_hal_i2c.o
                0x08003a8c                HAL_I2C_Init
 .text.HAL_I2C_Master_Transmit
                0x08003d14      0x1fc ./Drivers/STM32F1xx_HAL_Driver/Src/stm32f1xx_hal_i2c.o
                0x08003d14                HAL_I2C_Master_Transmit
 .text.I2C_MasterRequestWrite
                0x08003f10      0x104 ./Drivers/STM32F1xx_HAL_Driver/Src/stm32f1xx_hal_i2c.o
 .text.I2C_WaitOnFlagUntilTimeout
                0x08004014       0xf4 ./Drivers/STM32F1xx_HAL_Driver/Src/stm32f1xx_hal_i2c.o
 .text.I2C_WaitOnMasterAddressFlagUntilTimeout
                0x08004108      0x140 ./Drivers/STM32F1xx_HAL_Driver/Src/stm32f1xx_hal_i2c.o
 .text.I2C_WaitOnTXEFlagUntilTimeout
                0x08004248       0x90 ./Drivers/STM32F1xx_HAL_Driver/Src/stm32f1xx_hal_i2c.o
 .text.I2C_WaitOnBTFFlagUntilTimeout
                0x080042d8       0x90 ./Drivers/STM32F1xx_HAL_Driver/Src/stm32f1xx_hal_i2c.o
 .text.I2C_IsAcknowledgeFailed
                0x08004368       0x5c ./Drivers/STM32F1xx_HAL_Driver/Src/stm32f1xx_hal_i2c.o
 .text.HAL_RCC_OscConfig
                0x080043c4      0x504 ./Drivers/STM32F1xx_HAL_Driver/Src/stm32f1xx_hal_rcc.o
                0x080043c4                HAL_RCC_OscConfig
 .text.HAL_RCC_ClockConfig
                0x080048c8      0x1d4 ./Drivers/STM32F1xx_HAL_Driver/Src/stm32f1xx_hal_rcc.o
                0x080048c8                HAL_RCC_ClockConfig
 .text.HAL_RCC_GetSysClockFreq
                0x08004a9c       0xa8 ./Drivers/STM32F1xx_HAL_Driver/Src/stm32f1xx_hal_rcc.o
                0x08004a9c                HAL_RCC_GetSysClockFreq
 .text.HAL_RCC_GetHCLKFreq
                0x08004b44       0x14 ./Drivers/STM32F1xx_HAL_Driver/Src/stm32f1xx_hal_rcc.o
                0x08004b44                HAL_RCC_GetHCLKFreq
 .text.HAL_RCC_GetPCLK1Freq
                0x08004b58       0x28 ./Drivers/STM32F1xx_HAL_Driver/Src/stm32f1xx_hal_rcc.o
                0x08004b58                HAL_RCC_GetPCLK1Freq
 .text.RCC_Delay
                0x08004b80       0x3c ./Drivers/STM32F1xx_HAL_Driver/Src/stm32f1xx_hal_rcc.o
 .text.HAL_RCCEx_PeriphCLKConfig
                0x08004bbc      0x16c ./Drivers/STM32F1xx_HAL_Driver/Src/stm32f1xx_hal_rcc_ex.o
                0x08004bbc                HAL_RCCEx_PeriphCLKConfig
 .text.HAL_SPI_Init
                0x08004d28      0x108 ./Drivers/STM32F1xx_HAL_Driver/Src/stm32f1xx_hal_spi.o
                0x08004d28                HAL_SPI_Init
 .text.HAL_SPI_Transmit
                0x08004e30      0x288 ./Drivers/STM32F1xx_HAL_Driver/Src/stm32f1xx_hal_spi.o
                0x08004e30                HAL_SPI_Transmit
 .text.SPI_WaitFlagStateUntilTimeout
                0x080050b8      0x110 ./Drivers/STM32F1xx_HAL_Driver/Src/stm32f1xx_hal_spi.o
 .text.SPI_EndRxTxTransaction
                0x080051c8       0x62 ./Drivers/STM32F1xx_HAL_Driver/Src/stm32f1xx_hal_spi.o
 .text.HAL_TIM_Base_Init
                0x0800522a       0x9e ./Drivers/STM32F1xx_HAL_Driver/Src/stm32f1xx_hal_tim.o
                0x0800522a                HAL_TIM_Base_Init
 .text.HAL_TIM_Base_Start
                0x080052c8       0x94 ./Drivers/STM32F1xx_HAL_Driver/Src/stm32f1xx_hal_tim.o
                0x080052c8                HAL_TIM_Base_Start
 .text.HAL_TIM_ConfigClockSource
                0x0800535c      0x18e ./Drivers/STM32F1xx_HAL_Driver/Src/stm32f1xx_hal_tim.o
                0x0800535c                HAL_TIM_ConfigClockSource
 *fill*         0x080054ea        0x2 
 .text.TIM_Base_SetConfig
                0x080054ec       0xdc ./Drivers/STM32F1xx_HAL_Driver/Src/stm32f1xx_hal_tim.o
                0x080054ec                TIM_Base_SetConfig
 .text.TIM_TI1_ConfigInputStage
                0x080055c8       0x5c ./Drivers/STM32F1xx_HAL_Driver/Src/stm32f1xx_hal_tim.o
 .text.TIM_TI2_ConfigInputStage
                0x08005624       0x5e ./Drivers/STM32F1xx_HAL_Driver/Src/stm32f1xx_hal_tim.o
 .text.TIM_ITRx_SetConfig
                0x08005682       0x34 ./Drivers/STM32F1xx_HAL_Driver/Src/stm32f1xx_hal_tim.o
 .text.TIM_ETR_SetConfig
                0x080056b6       0x3e ./Drivers/STM32F1xx_HAL_Driver/Src/stm32f1xx_hal_tim.o
                0x080056b6                TIM_ETR_SetConfig
 .text.HAL_TIMEx_MasterConfigSynchronization
                0x080056f4       0xbc ./Drivers/STM32F1xx_HAL_Driver/Src/stm32f1xx_hal_tim_ex.o
                0x080056f4                HAL_TIMEx_MasterConfigSynchronization
 .text.memset   0x080057b0       0x10 /Applications/STM32CubeIDE.app/Contents/Eclipse/plugins/com.st.stm32cube.ide.mcu.externaltools.gnu-tools-for-stm32.14.3.rel1.macosaarch64_1.0.0.202602081740/tools/bin/../lib/gcc/arm-none-eabi/14.3.1/../../../../arm-none-eabi/lib/thumb/v7-m/nofp/libc_nano.a(libc_a-memset.o)
                0x080057b0                memset
 .text.__libc_init_array
                0x080057c0       0x48 /Applications/STM32CubeIDE.app/Contents/Eclipse/plugins/com.st.stm32cube.ide.mcu.externaltools.gnu-tools-for-stm32.14.3.rel1.macosaarch64_1.0.0.202602081740/tools/bin/../lib/gcc/arm-none-eabi/14.3.1/../../../../arm-none-eabi/lib/thumb/v7-m/nofp/libc_nano.a(libc_a-init.o)
                0x080057c0                __libc_init_array
 .text.cosf     0x08005808       0x64 /Applications/STM32CubeIDE.app/Contents/Eclipse/plugins/com.st.stm32cube.ide.mcu.externaltools.gnu-tools-for-stm32.14.3.rel1.macosaarch64_1.0.0.202602081740/tools/bin/../lib/gcc/arm-none-eabi/14.3.1/../../../../arm-none-eabi/lib/thumb/v7-m/nofp/libm.a(libm_a-sf_cos.o)
                0x08005808                cosf
 .text.__kernel_cosf
                0x0800586c      0x190 /Applications/STM32CubeIDE.app/Contents/Eclipse/plugins/com.st.stm32cube.ide.mcu.externaltools.gnu-tools-for-stm32.14.3.rel1.macosaarch64_1.0.0.202602081740/tools/bin/../lib/gcc/arm-none-eabi/14.3.1/../../../../arm-none-eabi/lib/thumb/v7-m/nofp/libm.a(libm_a-kf_cos.o)
                0x0800586c                __kernel_cosf
 .text.__kernel_sinf
                0x080059fc       0xec /Applications/STM32CubeIDE.app/Contents/Eclipse/plugins/com.st.stm32cube.ide.mcu.externaltools.gnu-tools-for-stm32.14.3.rel1.macosaarch64_1.0.0.202602081740/tools/bin/../lib/gcc/arm-none-eabi/14.3.1/../../../../arm-none-eabi/lib/thumb/v7-m/nofp/libm.a(libm_a-kf_sin.o)
                0x080059fc                __kernel_sinf
 .text.__ieee754_rem_pio2f
                0x08005ae8      0x2dc /Applications/STM32CubeIDE.app/Contents/Eclipse/plugins/com.st.stm32cube.ide.mcu.externaltools.gnu-tools-for-stm32.14.3.rel1.macosaarch64_1.0.0.202602081740/tools/bin/../lib/gcc/arm-none-eabi/14.3.1/../../../../arm-none-eabi/lib/thumb/v7-m/nofp/libm.a(libm_a-ef_rem_pio2.o)
                0x08005ae8                __ieee754_rem_pio2f
 .text.fabsf    0x08005dc4        0x8 /Applications/STM32CubeIDE.app/Contents/Eclipse/plugins/com.st.stm32cube.ide.mcu.externaltools.gnu-tools-for-stm32.14.3.rel1.macosaarch64_1.0.0.202602081740/tools/bin/../lib/gcc/arm-none-eabi/14.3.1/../../../../arm-none-eabi/lib/thumb/v7-m/nofp/libm.a(libm_a-sf_fabs.o)
                0x08005dc4                fabsf
 .text.__kernel_rem_pio2f
                0x08005dcc      0x770 /Applications/STM32CubeIDE.app/Contents/Eclipse/plugins/com.st.stm32cube.ide.mcu.externaltools.gnu-tools-for-stm32.14.3.rel1.macosaarch64_1.0.0.202602081740/tools/bin/../lib/gcc/arm-none-eabi/14.3.1/../../../../arm-none-eabi/lib/thumb/v7-m/nofp/libm.a(libm_a-kf_rem_pio2.o)
                0x08005dcc                __kernel_rem_pio2f
 .text.floorf   0x0800653c       0x8c /Applications/STM32CubeIDE.app/Contents/Eclipse/plugins/com.st.stm32cube.ide.mcu.externaltools.gnu-tools-for-stm32.14.3.rel1.macosaarch64_1.0.0.202602081740/tools/bin/../lib/gcc/arm-none-eabi/14.3.1/../../../../arm-none-eabi/lib/thumb/v7-m/nofp/libm.a(libm_a-sf_floor.o)
                0x0800653c                floorf
 .text.scalbnf  0x080065c8       0xb0 /Applications/STM32CubeIDE.app/Contents/Eclipse/plugins/com.st.stm32cube.ide.mcu.externaltools.gnu-tools-for-stm32.14.3.rel1.macosaarch64_1.0.0.202602081740/tools/bin/../lib/gcc/arm-none-eabi/14.3.1/../../../../arm-none-eabi/lib/thumb/v7-m/nofp/libm.a(libm_a-sf_scalbn.o)
                0x080065c8                scalbnf
 *(.glue_7)
 .glue_7        0x08006678        0x0 linker stubs
 *(.glue_7t)
 .glue_7t       0x08006678        0x0 linker stubs
 *(.eh_frame)
 .eh_frame      0x08006678        0x0 /Applications/STM32CubeIDE.app/Contents/Eclipse/plugins/com.st.stm32cube.ide.mcu.externaltools.gnu-tools-for-stm32.14.3.rel1.macosaarch64_1.0.0.202602081740/tools/bin/../lib/gcc/arm-none-eabi/14.3.1/thumb/v7-m/nofp/crtbegin.o
 *(.init)
 .init          0x08006678        0x4 /Applications/STM32CubeIDE.app/Contents/Eclipse/plugins/com.st.stm32cube.ide.mcu.externaltools.gnu-tools-for-stm32.14.3.rel1.macosaarch64_1.0.0.202602081740/tools/bin/../lib/gcc/arm-none-eabi/14.3.1/thumb/v7-m/nofp/crti.o
                0x08006678                _init
 .init          0x0800667c        0x8 /Applications/STM32CubeIDE.app/Contents/Eclipse/plugins/com.st.stm32cube.ide.mcu.externaltools.gnu-tools-for-stm32.14.3.rel1.macosaarch64_1.0.0.202602081740/tools/bin/../lib/gcc/arm-none-eabi/14.3.1/thumb/v7-m/nofp/crtn.o
 *(.fini)
 .fini          0x08006684        0x4 /Applications/STM32CubeIDE.app/Contents/Eclipse/plugins/com.st.stm32cube.ide.mcu.externaltools.gnu-tools-for-stm32.14.3.rel1.macosaarch64_1.0.0.202602081740/tools/bin/../lib/gcc/arm-none-eabi/14.3.1/thumb/v7-m/nofp/crti.o
                0x08006684                _fini
 .fini          0x08006688        0x8 /Applications/STM32CubeIDE.app/Contents/Eclipse/plugins/com.st.stm32cube.ide.mcu.externaltools.gnu-tools-for-stm32.14.3.rel1.macosaarch64_1.0.0.202602081740/tools/bin/../lib/gcc/arm-none-eabi/14.3.1/thumb/v7-m/nofp/crtn.o
                0x08006690                        . = ALIGN (0x4)
                0x08006690                        _etext = .

.vfp11_veneer   0x08006690        0x0
 .vfp11_veneer  0x08006690        0x0 linker stubs

.v4_bx          0x08006690        0x0
 .v4_bx         0x08006690        0x0 linker stubs

.iplt           0x08006690        0x0
 .iplt          0x08006690        0x0 /Applications/STM32CubeIDE.app/Contents/Eclipse/plugins/com.st.stm32cube.ide.mcu.externaltools.gnu-tools-for-stm32.14.3.rel1.macosaarch64_1.0.0.202602081740/tools/bin/../lib/gcc/arm-none-eabi/14.3.1/thumb/v7-m/nofp/crtbegin.o

.rodata         0x08006690      0x4f8
                0x08006690                        . = ALIGN (0x4)
 *(.rodata)
 .rodata        0x08006690       0x1d ./Core/Src/Scoreboard.o
 *(.rodata*)
 *fill*         0x080066ad        0x3 
 .rodata.bandBin
                0x080066b0       0x10 ./Core/Src/Audio.o
 .rodata.bandWeight
                0x080066c0       0x20 ./Core/Src/Audio.o
 .rodata.BUTTON_PORTS
                0x080066e0       0x20 ./Core/Src/Buttons.o
                0x080066e0                BUTTON_PORTS
 .rodata.BUTTON_PINS
                0x08006700       0x10 ./Core/Src/Buttons.o
                0x08006700                BUTTON_PINS
 .rodata.digitFont
                0x08006710       0x32 ./Core/Src/Ssd1306.o
 *fill*         0x08006742        0x2 
 .rodata.letterFont
                0x08006744       0x48 ./Core/Src/Ssd1306.o
 .rodata.AHBPrescTable
                0x0800678c       0x10 ./Core/Src/system_stm32f1xx.o
                0x0800678c                AHBPrescTable
 .rodata.APBPrescTable
                0x0800679c        0x8 ./Core/Src/system_stm32f1xx.o
                0x0800679c                APBPrescTable
 .rodata.aPLLMULFactorTable.1
                0x080067a4       0x10 ./Drivers/STM32F1xx_HAL_Driver/Src/stm32f1xx_hal_rcc.o
 .rodata.aPredivFactorTable.0
                0x080067b4        0x2 ./Drivers/STM32F1xx_HAL_Driver/Src/stm32f1xx_hal_rcc.o
 *fill*         0x080067b6        0x2 
 .rodata.npio2_hw
                0x080067b8       0x80 /Applications/STM32CubeIDE.app/Contents/Eclipse/plugins/com.st.stm32cube.ide.mcu.externaltools.gnu-tools-for-stm32.14.3.rel1.macosaarch64_1.0.0.202602081740/tools/bin/../lib/gcc/arm-none-eabi/14.3.1/../../../../arm-none-eabi/lib/thumb/v7-m/nofp/libm.a(libm_a-ef_rem_pio2.o)
 .rodata.two_over_pi
                0x08006838      0x318 /Applications/STM32CubeIDE.app/Contents/Eclipse/plugins/com.st.stm32cube.ide.mcu.externaltools.gnu-tools-for-stm32.14.3.rel1.macosaarch64_1.0.0.202602081740/tools/bin/../lib/gcc/arm-none-eabi/14.3.1/../../../../arm-none-eabi/lib/thumb/v7-m/nofp/libm.a(libm_a-ef_rem_pio2.o)
 .rodata.PIo2   0x08006b50       0x2c /Applications/STM32CubeIDE.app/Contents/Eclipse/plugins/com.st.stm32cube.ide.mcu.externaltools.gnu-tools-for-stm32.14.3.rel1.macosaarch64_1.0.0.202602081740/tools/bin/../lib/gcc/arm-none-eabi/14.3.1/../../../../arm-none-eabi/lib/thumb/v7-m/nofp/libm.a(libm_a-kf_rem_pio2.o)
 .rodata.init_jk
                0x08006b7c        0xc /Applications/STM32CubeIDE.app/Contents/Eclipse/plugins/com.st.stm32cube.ide.mcu.externaltools.gnu-tools-for-stm32.14.3.rel1.macosaarch64_1.0.0.202602081740/tools/bin/../lib/gcc/arm-none-eabi/14.3.1/../../../../arm-none-eabi/lib/thumb/v7-m/nofp/libm.a(libm_a-kf_rem_pio2.o)
                0x08006b88                        . = ALIGN (0x4)

.ARM.extab      0x08006b88        0x0
                0x08006b88                        . = ALIGN (0x4)
 *(.ARM.extab* .gnu.linkonce.armextab.*)
                0x08006b88                        . = ALIGN (0x4)

.ARM            0x08006b88        0x0
                0x08006b88                        . = ALIGN (0x4)
                0x08006b88                        __exidx_start = .
 *(.ARM.exidx*)
                0x08006b88                        __exidx_end = .
                0x08006b88                        . = ALIGN (0x4)

.preinit_array  0x08006b88        0x0
                0x08006b88                        . = ALIGN (0x4)
                0x08006b88                        PROVIDE (__preinit_array_start = .)
 *(.preinit_array*)
                0x08006b88                        PROVIDE (__preinit_array_end = .)
                0x08006b88                        . = ALIGN (0x4)

.init_array     0x08006b88        0x4
                0x08006b88                        . = ALIGN (0x4)
                0x08006b88                        PROVIDE (__init_array_start = .)
 *(SORT_BY_NAME(.init_array.*))
 *(.init_array*)
 .init_array    0x08006b88        0x4 /Applications/STM32CubeIDE.app/Contents/Eclipse/plugins/com.st.stm32cube.ide.mcu.externaltools.gnu-tools-for-stm32.14.3.rel1.macosaarch64_1.0.0.202602081740/tools/bin/../lib/gcc/arm-none-eabi/14.3.1/thumb/v7-m/nofp/crtbegin.o
                0x08006b8c                        PROVIDE (__init_array_end = .)
                0x08006b8c                        . = ALIGN (0x4)

.fini_array     0x08006b8c        0x4
                0x08006b8c                        . = ALIGN (0x4)
                [!provide]                        PROVIDE (__fini_array_start = .)
 *(SORT_BY_NAME(.fini_array.*))
 *(.fini_array*)
 .fini_array    0x08006b8c        0x4 /Applications/STM32CubeIDE.app/Contents/Eclipse/plugins/com.st.stm32cube.ide.mcu.externaltools.gnu-tools-for-stm32.14.3.rel1.macosaarch64_1.0.0.202602081740/tools/bin/../lib/gcc/arm-none-eabi/14.3.1/thumb/v7-m/nofp/crtbegin.o
                [!provide]                        PROVIDE (__fini_array_end = .)
                0x08006b90                        . = ALIGN (0x4)
                0x08006b90                        _sidata = LOADADDR (.data)

.rel.dyn        0x08006b90        0x0
 .rel.iplt      0x08006b90        0x0 /Applications/STM32CubeIDE.app/Contents/Eclipse/plugins/com.st.stm32cube.ide.mcu.externaltools.gnu-tools-for-stm32.14.3.rel1.macosaarch64_1.0.0.202602081740/tools/bin/../lib/gcc/arm-none-eabi/14.3.1/thumb/v7-m/nofp/crtbegin.o

.data           0x20000000        0xc load address 0x08006b90
                0x20000000                        . = ALIGN (0x4)
                0x20000000                        _sdata = .
 *(.data)
 *(.data*)
 .data.SystemCoreClock
                0x20000000        0x4 ./Core/Src/system_stm32f1xx.o
                0x20000000                SystemCoreClock
 .data.uwTickPrio
                0x20000004        0x4 ./Drivers/STM32F1xx_HAL_Driver/Src/stm32f1xx_hal.o
                0x20000004                uwTickPrio
 .data.uwTickFreq
                0x20000008        0x1 ./Drivers/STM32F1xx_HAL_Driver/Src/stm32f1xx_hal.o
                0x20000008                uwTickFreq
 *(.RamFunc)
 *(.RamFunc*)
                0x2000000c                        . = ALIGN (0x4)
 *fill*         0x20000009        0x3 
                0x2000000c                        _edata = .

.igot.plt       0x2000000c        0x0 load address 0x08006b9c
 .igot.plt      0x2000000c        0x0 /Applications/STM32CubeIDE.app/Contents/Eclipse/plugins/com.st.stm32cube.ide.mcu.externaltools.gnu-tools-for-stm32.14.3.rel1.macosaarch64_1.0.0.202602081740/tools/bin/../lib/gcc/arm-none-eabi/14.3.1/thumb/v7-m/nofp/crtbegin.o
                0x2000000c                        . = ALIGN (0x4)

.bss            0x2000000c      0x908 load address 0x08006b9c
                0x2000000c                        _sbss = .
                0x2000000c                        __bss_start__ = _sbss
 *(.bss)
 .bss           0x2000000c       0x1c /Applications/STM32CubeIDE.app/Contents/Eclipse/plugins/com.st.stm32cube.ide.mcu.externaltools.gnu-tools-for-stm32.14.3.rel1.macosaarch64_1.0.0.202602081740/tools/bin/../lib/gcc/arm-none-eabi/14.3.1/thumb/v7-m/nofp/crtbegin.o
 *(.bss*)
 .bss.adcBuffer
                0x20000028      0x200 ./Core/Src/Audio.o
 .bss.goertzelCoeff
                0x20000228       0x20 ./Core/Src/Audio.o
 .bss.bandLevel
                0x20000248        0x8 ./Core/Src/Audio.o
 .bss.overallLevel
                0x20000250        0x1 ./Core/Src/Audio.o
 *fill*         0x20000251        0x3 
 .bss.smoothedLevel
                0x20000254       0x20 ./Core/Src/Audio.o
 .bss.wasAbovePeak
                0x20000274        0x8 ./Core/Src/Audio.o
 .bss.lastPeakTick
                0x2000027c       0x20 ./Core/Src/Audio.o
 .bss.peakFlag  0x2000029c        0x8 ./Core/Src/Audio.o
 .bss.bandNoiseFloor
                0x200002a4       0x20 ./Core/Src/Audio.o
 .bss.calibAccum
                0x200002c4       0x20 ./Core/Src/Audio.o
 .bss.calibFrameCount
                0x200002e4        0x2 ./Core/Src/Audio.o
 *fill*         0x200002e6        0x2 
 .bss.calibEndTick
                0x200002e8        0x4 ./Core/Src/Audio.o
 .bss.lastRawPower
                0x200002ec       0x20 ./Core/Src/Audio.o
 .bss.stableState
                0x2000030c        0x8 ./Core/Src/Buttons.o
 .bss.lastRawState
                0x20000314        0x8 ./Core/Src/Buttons.o
 .bss.lastChangeTime
                0x2000031c       0x20 ./Core/Src/Buttons.o
 .bss.justPressed
                0x2000033c        0x8 ./Core/Src/Buttons.o
 .bss.notes     0x20000344       0x18 ./Core/Src/Game.o
 .bss.score     0x2000035c        0x4 ./Core/Src/Game.o
 .bss.streak    0x20000360        0x4 ./Core/Src/Game.o
 .bss.hits      0x20000364        0x4 ./Core/Src/Game.o
 .bss.misses    0x20000368        0x4 ./Core/Src/Game.o
 .bss.lastStepTick
                0x2000036c        0x4 ./Core/Src/Game.o
 .bss.lastSpawnTick
                0x20000370       0x20 ./Core/Src/Game.o
 .bss.flashUntilTick
                0x20000390        0x4 ./Core/Src/Game.o
 .bss.flashLane
                0x20000394        0x1 ./Core/Src/Game.o
 *fill*         0x20000395        0x3 
 .bss.perfectFlashUntilTick
                0x20000398        0x4 ./Core/Src/Game.o
 .bss.sweepActive
                0x2000039c        0x1 ./Core/Src/Game.o
 *fill*         0x2000039d        0x3 
 .bss.sweepStartTick
                0x200003a0        0x4 ./Core/Src/Game.o
 .bss.lastUpdateTick.0
                0x200003a4        0x4 ./Core/Src/Scoreboard.o
 .bss.framebuffer
                0x200003a8      0x400 ./Core/Src/Ssd1306.o
 .bss.hadc1     0x200007a8       0x30 ./Core/Src/main.o
                0x200007a8                hadc1
 .bss.hdma_adc1
                0x200007d8       0x44 ./Core/Src/main.o
                0x200007d8                hdma_adc1
 .bss.hi2c1     0x2000081c       0x54 ./Core/Src/main.o
                0x2000081c                hi2c1
 .bss.hspi1     0x20000870       0x58 ./Core/Src/main.o
                0x20000870                hspi1
 .bss.htim3     0x200008c8       0x48 ./Core/Src/main.o
                0x200008c8                htim3
 .bss.uwTick    0x20000910        0x4 ./Drivers/STM32F1xx_HAL_Driver/Src/stm32f1xx_hal.o
                0x20000910                uwTick
 *(COMMON)
                0x20000914                        . = ALIGN (0x4)
                0x20000914                        _ebss = .
                0x20000914                        __bss_end__ = _ebss

._user_heap_stack
                0x20000914      0x604 load address 0x08006b9c
                0x20000918                        . = ALIGN (0x8)
 *fill*         0x20000914        0x4 
                [!provide]                        PROVIDE (end = .)
                0x20000918                        PROVIDE (_end = .)
                0x20000b18                        . = (. + _Min_Heap_Size)
 *fill*         0x20000918      0x200 
                0x20000f18                        . = (. + _Min_Stack_Size)
 *fill*         0x20000b18      0x400 
                0x20000f18                        . = ALIGN (0x8)

/DISCARD/
 libc.a(*)
 libm.a(*)
 libgcc.a(*)

.ARM.attributes
                0x00000000       0x29
 *(.ARM.attributes)
 .ARM.attributes
                0x00000000       0x1d /Applications/STM32CubeIDE.app/Contents/Eclipse/plugins/com.st.stm32cube.ide.mcu.externaltools.gnu-tools-for-stm32.14.3.rel1.macosaarch64_1.0.0.202602081740/tools/bin/../lib/gcc/arm-none-eabi/14.3.1/thumb/v7-m/nofp/crti.o
 .ARM.attributes
                0x0000001d       0x2d /Applications/STM32CubeIDE.app/Contents/Eclipse/plugins/com.st.stm32cube.ide.mcu.externaltools.gnu-tools-for-stm32.14.3.rel1.macosaarch64_1.0.0.202602081740/tools/bin/../lib/gcc/arm-none-eabi/14.3.1/thumb/v7-m/nofp/crtbegin.o
 .ARM.attributes
                0x0000004a       0x2d ./Core/Src/Audio.o
 .ARM.attributes
                0x00000077       0x2d ./Core/Src/Buttons.o
 .ARM.attributes
                0x000000a4       0x2d ./Core/Src/Game.o
 .ARM.attributes
                0x000000d1       0x2d ./Core/Src/Max7219.o
 .ARM.attributes
                0x000000fe       0x2d ./Core/Src/Scoreboard.o
 .ARM.attributes
                0x0000012b       0x2d ./Core/Src/Ssd1306.o
 .ARM.attributes
                0x00000158       0x2d ./Core/Src/main.o
 .ARM.attributes
                0x00000185       0x2d ./Core/Src/stm32f1xx_hal_msp.o
 .ARM.attributes
                0x000001b2       0x2d ./Core/Src/stm32f1xx_it.o
 .ARM.attributes
                0x000001df       0x2d ./Core/Src/system_stm32f1xx.o
 .ARM.attributes
                0x0000020c       0x21 ./Core/Startup/startup_stm32f103c8tx.o
 .ARM.attributes
                0x0000022d       0x2d ./Drivers/STM32F1xx_HAL_Driver/Src/stm32f1xx_hal.o
 .ARM.attributes
                0x0000025a       0x2d ./Drivers/STM32F1xx_HAL_Driver/Src/stm32f1xx_hal_adc.o
 .ARM.attributes
                0x00000287       0x2d ./Drivers/STM32F1xx_HAL_Driver/Src/stm32f1xx_hal_cortex.o
 .ARM.attributes
                0x000002b4       0x2d ./Drivers/STM32F1xx_HAL_Driver/Src/stm32f1xx_hal_dma.o
 .ARM.attributes
                0x000002e1       0x2d ./Drivers/STM32F1xx_HAL_Driver/Src/stm32f1xx_hal_gpio.o
 .ARM.attributes
                0x0000030e       0x2d ./Drivers/STM32F1xx_HAL_Driver/Src/stm32f1xx_hal_i2c.o
 .ARM.attributes
                0x0000033b       0x2d ./Drivers/STM32F1xx_HAL_Driver/Src/stm32f1xx_hal_rcc.o
 .ARM.attributes
                0x00000368       0x2d ./Drivers/STM32F1xx_HAL_Driver/Src/stm32f1xx_hal_rcc_ex.o
 .ARM.attributes
                0x00000395       0x2d ./Drivers/STM32F1xx_HAL_Driver/Src/stm32f1xx_hal_spi.o
 .ARM.attributes
                0x000003c2       0x2d ./Drivers/STM32F1xx_HAL_Driver/Src/stm32f1xx_hal_tim.o
 .ARM.attributes
                0x000003ef       0x2d ./Drivers/STM32F1xx_HAL_Driver/Src/stm32f1xx_hal_tim_ex.o
 .ARM.attributes
                0x0000041c       0x2d /Applications/STM32CubeIDE.app/Contents/Eclipse/plugins/com.st.stm32cube.ide.mcu.externaltools.gnu-tools-for-stm32.14.3.rel1.macosaarch64_1.0.0.202602081740/tools/bin/../lib/gcc/arm-none-eabi/14.3.1/../../../../arm-none-eabi/lib/thumb/v7-m/nofp/libc_nano.a(libc_a-memset.o)
 .ARM.attributes
                0x00000449       0x2d /Applications/STM32CubeIDE.app/Contents/Eclipse/plugins/com.st.stm32cube.ide.mcu.externaltools.gnu-tools-for-stm32.14.3.rel1.macosaarch64_1.0.0.202602081740/tools/bin/../lib/gcc/arm-none-eabi/14.3.1/../../../../arm-none-eabi/lib/thumb/v7-m/nofp/libc_nano.a(libc_a-init.o)
 .ARM.attributes
                0x00000476       0x2d /Applications/STM32CubeIDE.app/Contents/Eclipse/plugins/com.st.stm32cube.ide.mcu.externaltools.gnu-tools-for-stm32.14.3.rel1.macosaarch64_1.0.0.202602081740/tools/bin/../lib/gcc/arm-none-eabi/14.3.1/../../../../arm-none-eabi/lib/thumb/v7-m/nofp/libm.a(libm_a-sf_cos.o)
 .ARM.attributes
                0x000004a3       0x2d /Applications/STM32CubeIDE.app/Contents/Eclipse/plugins/com.st.stm32cube.ide.mcu.externaltools.gnu-tools-for-stm32.14.3.rel1.macosaarch64_1.0.0.202602081740/tools/bin/../lib/gcc/arm-none-eabi/14.3.1/../../../../arm-none-eabi/lib/thumb/v7-m/nofp/libm.a(libm_a-kf_cos.o)
 .ARM.attributes
                0x000004d0       0x2d /Applications/STM32CubeIDE.app/Contents/Eclipse/plugins/com.st.stm32cube.ide.mcu.externaltools.gnu-tools-for-stm32.14.3.rel1.macosaarch64_1.0.0.202602081740/tools/bin/../lib/gcc/arm-none-eabi/14.3.1/../../../../arm-none-eabi/lib/thumb/v7-m/nofp/libm.a(libm_a-kf_sin.o)
 .ARM.attributes
                0x000004fd       0x2d /Applications/STM32CubeIDE.app/Contents/Eclipse/plugins/com.st.stm32cube.ide.mcu.externaltools.gnu-tools-for-stm32.14.3.rel1.macosaarch64_1.0.0.202602081740/tools/bin/../lib/gcc/arm-none-eabi/14.3.1/../../../../arm-none-eabi/lib/thumb/v7-m/nofp/libm.a(libm_a-ef_rem_pio2.o)
 .ARM.attributes
                0x0000052a       0x2d /Applications/STM32CubeIDE.app/Contents/Eclipse/plugins/com.st.stm32cube.ide.mcu.externaltools.gnu-tools-for-stm32.14.3.rel1.macosaarch64_1.0.0.202602081740/tools/bin/../lib/gcc/arm-none-eabi/14.3.1/../../../../arm-none-eabi/lib/thumb/v7-m/nofp/libm.a(libm_a-sf_fabs.o)
 .ARM.attributes
                0x00000557       0x2d /Applications/STM32CubeIDE.app/Contents/Eclipse/plugins/com.st.stm32cube.ide.mcu.externaltools.gnu-tools-for-stm32.14.3.rel1.macosaarch64_1.0.0.202602081740/tools/bin/../lib/gcc/arm-none-eabi/14.3.1/../../../../arm-none-eabi/lib/thumb/v7-m/nofp/libm.a(libm_a-kf_rem_pio2.o)
 .ARM.attributes
                0x00000584       0x2d /Applications/STM32CubeIDE.app/Contents/Eclipse/plugins/com.st.stm32cube.ide.mcu.externaltools.gnu-tools-for-stm32.14.3.rel1.macosaarch64_1.0.0.202602081740/tools/bin/../lib/gcc/arm-none-eabi/14.3.1/../../../../arm-none-eabi/lib/thumb/v7-m/nofp/libm.a(libm_a-sf_floor.o)
 .ARM.attributes
                0x000005b1       0x2d /Applications/STM32CubeIDE.app/Contents/Eclipse/plugins/com.st.stm32cube.ide.mcu.externaltools.gnu-tools-for-stm32.14.3.rel1.macosaarch64_1.0.0.202602081740/tools/bin/../lib/gcc/arm-none-eabi/14.3.1/../../../../arm-none-eabi/lib/thumb/v7-m/nofp/libm.a(libm_a-sf_scalbn.o)
 .ARM.attributes
                0x000005de       0x1d /Applications/STM32CubeIDE.app/Contents/Eclipse/plugins/com.st.stm32cube.ide.mcu.externaltools.gnu-tools-for-stm32.14.3.rel1.macosaarch64_1.0.0.202602081740/tools/bin/../lib/gcc/arm-none-eabi/14.3.1/thumb/v7-m/nofp/libgcc.a(_arm_addsubsf3.o)
 .ARM.attributes
                0x000005fb       0x1d /Applications/STM32CubeIDE.app/Contents/Eclipse/plugins/com.st.stm32cube.ide.mcu.externaltools.gnu-tools-for-stm32.14.3.rel1.macosaarch64_1.0.0.202602081740/tools/bin/../lib/gcc/arm-none-eabi/14.3.1/thumb/v7-m/nofp/libgcc.a(_arm_muldivsf3.o)
 .ARM.attributes
                0x00000618       0x1d /Applications/STM32CubeIDE.app/Contents/Eclipse/plugins/com.st.stm32cube.ide.mcu.externaltools.gnu-tools-for-stm32.14.3.rel1.macosaarch64_1.0.0.202602081740/tools/bin/../lib/gcc/arm-none-eabi/14.3.1/thumb/v7-m/nofp/libgcc.a(_arm_cmpsf2.o)
 .ARM.attributes
                0x00000635       0x1d /Applications/STM32CubeIDE.app/Contents/Eclipse/plugins/com.st.stm32cube.ide.mcu.externaltools.gnu-tools-for-stm32.14.3.rel1.macosaarch64_1.0.0.202602081740/tools/bin/../lib/gcc/arm-none-eabi/14.3.1/thumb/v7-m/nofp/libgcc.a(_arm_fixsfsi.o)
 .ARM.attributes
                0x00000652       0x1d /Applications/STM32CubeIDE.app/Contents/Eclipse/plugins/com.st.stm32cube.ide.mcu.externaltools.gnu-tools-for-stm32.14.3.rel1.macosaarch64_1.0.0.202602081740/tools/bin/../lib/gcc/arm-none-eabi/14.3.1/thumb/v7-m/nofp/crtn.o
OUTPUT(guitarhero.elf elf32-littlearm)
LOAD linker stubs
LOAD /Applications/STM32CubeIDE.app/Contents/Eclipse/plugins/com.st.stm32cube.ide.mcu.externaltools.gnu-tools-for-stm32.14.3.rel1.macosaarch64_1.0.0.202602081740/tools/bin/../lib/gcc/arm-none-eabi/14.3.1/../../../../arm-none-eabi/lib/thumb/v7-m/nofp/libc.a
LOAD /Applications/STM32CubeIDE.app/Contents/Eclipse/plugins/com.st.stm32cube.ide.mcu.externaltools.gnu-tools-for-stm32.14.3.rel1.macosaarch64_1.0.0.202602081740/tools/bin/../lib/gcc/arm-none-eabi/14.3.1/../../../../arm-none-eabi/lib/thumb/v7-m/nofp/libm.a
LOAD /Applications/STM32CubeIDE.app/Contents/Eclipse/plugins/com.st.stm32cube.ide.mcu.externaltools.gnu-tools-for-stm32.14.3.rel1.macosaarch64_1.0.0.202602081740/tools/bin/../lib/gcc/arm-none-eabi/14.3.1/thumb/v7-m/nofp/libgcc.a

.debug_info     0x00000000    0x111d9
 .debug_info    0x00000000      0xb4b ./Core/Src/Audio.o
 .debug_info    0x00000b4b      0x381 ./Core/Src/Buttons.o
 .debug_info    0x00000ecc      0xdaa ./Core/Src/Game.o
 .debug_info    0x00001c76      0x888 ./Core/Src/Max7219.o
 .debug_info    0x000024fe      0x6af ./Core/Src/Scoreboard.o
 .debug_info    0x00002bad      0xa9a ./Core/Src/Ssd1306.o
 .debug_info    0x00003647     0x1693 ./Core/Src/main.o
 .debug_info    0x00004cda     0x121d ./Core/Src/stm32f1xx_hal_msp.o
 .debug_info    0x00005ef7      0x35e ./Core/Src/stm32f1xx_it.o
 .debug_info    0x00006255      0x222 ./Core/Src/system_stm32f1xx.o
 .debug_info    0x00006477       0x30 ./Core/Startup/startup_stm32f103c8tx.o
 .debug_info    0x000064a7      0x704 ./Drivers/STM32F1xx_HAL_Driver/Src/stm32f1xx_hal.o
 .debug_info    0x00006bab      0xc50 ./Drivers/STM32F1xx_HAL_Driver/Src/stm32f1xx_hal_adc.o
 .debug_info    0x000077fb      0xa87 ./Drivers/STM32F1xx_HAL_Driver/Src/stm32f1xx_hal_cortex.o
 .debug_info    0x00008282      0x6d2 ./Drivers/STM32F1xx_HAL_Driver/Src/stm32f1xx_hal_dma.o
 .debug_info    0x00008954      0x5ab ./Drivers/STM32F1xx_HAL_Driver/Src/stm32f1xx_hal_gpio.o
 .debug_info    0x00008eff     0x2524 ./Drivers/STM32F1xx_HAL_Driver/Src/stm32f1xx_hal_i2c.o
 .debug_info    0x0000b423      0x7d5 ./Drivers/STM32F1xx_HAL_Driver/Src/stm32f1xx_hal_rcc.o
 .debug_info    0x0000bbf8      0x3c0 ./Drivers/STM32F1xx_HAL_Driver/Src/stm32f1xx_hal_rcc_ex.o
 .debug_info    0x0000bfb8     0x142d ./Drivers/STM32F1xx_HAL_Driver/Src/stm32f1xx_hal_spi.o
 .debug_info    0x0000d3e5     0x2959 ./Drivers/STM32F1xx_HAL_Driver/Src/stm32f1xx_hal_tim.o
 .debug_info    0x0000fd3e     0x149b ./Drivers/STM32F1xx_HAL_Driver/Src/stm32f1xx_hal_tim_ex.o

.debug_abbrev   0x00000000     0x2ed0
 .debug_abbrev  0x00000000      0x27f ./Core/Src/Audio.o
 .debug_abbrev  0x0000027f      0x1f7 ./Core/Src/Buttons.o
 .debug_abbrev  0x00000476      0x2f7 ./Core/Src/Game.o
 .debug_abbrev  0x0000076d      0x1d8 ./Core/Src/Max7219.o
 .debug_abbrev  0x00000945      0x1e2 ./Core/Src/Scoreboard.o
 .debug_abbrev  0x00000b27      0x257 ./Core/Src/Ssd1306.o
 .debug_abbrev  0x00000d7e      0x2e5 ./Core/Src/main.o
 .debug_abbrev  0x00001063      0x258 ./Core/Src/stm32f1xx_hal_msp.o
 .debug_abbrev  0x000012bb      0x16e ./Core/Src/stm32f1xx_it.o
 .debug_abbrev  0x00001429      0x13f ./Core/Src/system_stm32f1xx.o
 .debug_abbrev  0x00001568       0x24 ./Core/Startup/startup_stm32f103c8tx.o
 .debug_abbrev  0x0000158c      0x201 ./Drivers/STM32F1xx_HAL_Driver/Src/stm32f1xx_hal.o
 .debug_abbrev  0x0000178d      0x225 ./Drivers/STM32F1xx_HAL_Driver/Src/stm32f1xx_hal_adc.o
 .debug_abbrev  0x000019b2      0x2f8 ./Drivers/STM32F1xx_HAL_Driver/Src/stm32f1xx_hal_cortex.o
 .debug_abbrev  0x00001caa      0x20b ./Drivers/STM32F1xx_HAL_Driver/Src/stm32f1xx_hal_dma.o
 .debug_abbrev  0x00001eb5      0x1ca ./Drivers/STM32F1xx_HAL_Driver/Src/stm32f1xx_hal_gpio.o
 .debug_abbrev  0x0000207f      0x2a3 ./Drivers/STM32F1xx_HAL_Driver/Src/stm32f1xx_hal_i2c.o
 .debug_abbrev  0x00002322      0x2b3 ./Drivers/STM32F1xx_HAL_Driver/Src/stm32f1xx_hal_rcc.o
 .debug_abbrev  0x000025d5      0x188 ./Drivers/STM32F1xx_HAL_Driver/Src/stm32f1xx_hal_rcc_ex.o
 .debug_abbrev  0x0000275d      0x27a ./Drivers/STM32F1xx_HAL_Driver/Src/stm32f1xx_hal_spi.o
 .debug_abbrev  0x000029d7      0x277 ./Drivers/STM32F1xx_HAL_Driver/Src/stm32f1xx_hal_tim.o
 .debug_abbrev  0x00002c4e      0x282 ./Drivers/STM32F1xx_HAL_Driver/Src/stm32f1xx_hal_tim_ex.o

.debug_aranges  0x00000000     0x1180
 .debug_aranges
                0x00000000       0x58 ./Core/Src/Audio.o
 .debug_aranges
                0x00000058       0x38 ./Core/Src/Buttons.o
 .debug_aranges
                0x00000090       0x78 ./Core/Src/Game.o
 .debug_aranges
                0x00000108       0x58 ./Core/Src/Max7219.o
 .debug_aranges
                0x00000160       0x28 ./Core/Src/Scoreboard.o
 .debug_aranges
                0x00000188       0x68 ./Core/Src/Ssd1306.o
 .debug_aranges
                0x000001f0       0x60 ./Core/Src/main.o
 .debug_aranges
                0x00000250       0x60 ./Core/Src/stm32f1xx_hal_msp.o
 .debug_aranges
                0x000002b0       0x68 ./Core/Src/stm32f1xx_it.o
 .debug_aranges
                0x00000318       0x28 ./Core/Src/system_stm32f1xx.o
 .debug_aranges
                0x00000340       0x28 ./Core/Startup/startup_stm32f103c8tx.o
 .debug_aranges
                0x00000368       0xe0 ./Drivers/STM32F1xx_HAL_Driver/Src/stm32f1xx_hal.o
 .debug_aranges
                0x00000448       0xf0 ./Drivers/STM32F1xx_HAL_Driver/Src/stm32f1xx_hal_adc.o
 .debug_aranges
                0x00000538      0x100 ./Drivers/STM32F1xx_HAL_Driver/Src/stm32f1xx_hal_cortex.o
 .debug_aranges
                0x00000638       0x80 ./Drivers/STM32F1xx_HAL_Driver/Src/stm32f1xx_hal_dma.o
 .debug_aranges
                0x000006b8       0x58 ./Drivers/STM32F1xx_HAL_Driver/Src/stm32f1xx_hal_gpio.o
 .debug_aranges
                0x00000710      0x2a8 ./Drivers/STM32F1xx_HAL_Driver/Src/stm32f1xx_hal_i2c.o
 .debug_aranges
                0x000009b8       0x90 ./Drivers/STM32F1xx_HAL_Driver/Src/stm32f1xx_hal_rcc.o
 .debug_aranges
                0x00000a48       0x30 ./Drivers/STM32F1xx_HAL_Driver/Src/stm32f1xx_hal_rcc_ex.o
 .debug_aranges
                0x00000a78      0x1d0 ./Drivers/STM32F1xx_HAL_Driver/Src/stm32f1xx_hal_spi.o
 .debug_aranges
                0x00000c48      0x3d0 ./Drivers/STM32F1xx_HAL_Driver/Src/stm32f1xx_hal_tim.o
 .debug_aranges
                0x00001018      0x168 ./Drivers/STM32F1xx_HAL_Driver/Src/stm32f1xx_hal_tim_ex.o

.debug_rnglists
                0x00000000      0xda1
 .debug_rnglists
                0x00000000       0x40 ./Core/Src/Audio.o
 .debug_rnglists
                0x00000040       0x27 ./Core/Src/Buttons.o
 .debug_rnglists
                0x00000067       0x5b ./Core/Src/Game.o
 .debug_rnglists
                0x000000c2       0x3d ./Core/Src/Max7219.o
 .debug_rnglists
                0x000000ff       0x1a ./Core/Src/Scoreboard.o
 .debug_rnglists
                0x00000119       0x4d ./Core/Src/Ssd1306.o
 .debug_rnglists
                0x00000166       0x47 ./Core/Src/main.o
 .debug_rnglists
                0x000001ad       0x45 ./Core/Src/stm32f1xx_hal_msp.o
 .debug_rnglists
                0x000001f2       0x49 ./Core/Src/stm32f1xx_it.o
 .debug_rnglists
                0x0000023b       0x1a ./Core/Src/system_stm32f1xx.o
 .debug_rnglists
                0x00000255       0x19 ./Core/Startup/startup_stm32f103c8tx.o
 .debug_rnglists
                0x0000026e       0xa3 ./Drivers/STM32F1xx_HAL_Driver/Src/stm32f1xx_hal.o
 .debug_rnglists
                0x00000311       0xbc ./Drivers/STM32F1xx_HAL_Driver/Src/stm32f1xx_hal_adc.o
 .debug_rnglists
                0x000003cd       0xbb ./Drivers/STM32F1xx_HAL_Driver/Src/stm32f1xx_hal_cortex.o
 .debug_rnglists
                0x00000488       0x64 ./Drivers/STM32F1xx_HAL_Driver/Src/stm32f1xx_hal_dma.o
 .debug_rnglists
                0x000004ec       0x3f ./Drivers/STM32F1xx_HAL_Driver/Src/stm32f1xx_hal_gpio.o
 .debug_rnglists
                0x0000052b      0x23c ./Drivers/STM32F1xx_HAL_Driver/Src/stm32f1xx_hal_i2c.o
 .debug_rnglists
                0x00000767       0x6c ./Drivers/STM32F1xx_HAL_Driver/Src/stm32f1xx_hal_rcc.o
 .debug_rnglists
                0x000007d3       0x21 ./Drivers/STM32F1xx_HAL_Driver/Src/stm32f1xx_hal_rcc_ex.o
 .debug_rnglists
                0x000007f4      0x16e ./Drivers/STM32F1xx_HAL_Driver/Src/stm32f1xx_hal_spi.o
 .debug_rnglists
                0x00000962      0x31a ./Drivers/STM32F1xx_HAL_Driver/Src/stm32f1xx_hal_tim.o
 .debug_rnglists
                0x00000c7c      0x125 ./Drivers/STM32F1xx_HAL_Driver/Src/stm32f1xx_hal_tim_ex.o

.debug_macro    0x00000000    0x192f7
 .debug_macro   0x00000000      0x2b4 ./Core/Src/Audio.o
 .debug_macro   0x000002b4      0xacc ./Core/Src/Audio.o
 .debug_macro   0x00000d80      0x22d ./Core/Src/Audio.o
 .debug_macro   0x00000fad       0x2e ./Core/Src/Audio.o
 .debug_macro   0x00000fdb       0x22 ./Core/Src/Audio.o
 .debug_macro   0x00000ffd       0x22 ./Core/Src/Audio.o
 .debug_macro   0x0000101f       0x8e ./Core/Src/Audio.o
 .debug_macro   0x000010ad       0x51 ./Core/Src/Audio.o
 .debug_macro   0x000010fe      0x103 ./Core/Src/Audio.o
 .debug_macro   0x00001201       0x6a ./Core/Src/Audio.o
 .debug_macro   0x0000126b      0x1df ./Core/Src/Audio.o
 .debug_macro   0x0000144a       0x1c ./Core/Src/Audio.o
 .debug_macro   0x00001466       0x22 ./Core/Src/Audio.o
 .debug_macro   0x00001488       0xbd ./Core/Src/Audio.o
 .debug_macro   0x00001545      0xd23 ./Core/Src/Audio.o
 .debug_macro   0x00002268     0xe09e ./Core/Src/Audio.o
 .debug_macro   0x00010306       0x6d ./Core/Src/Audio.o
 .debug_macro   0x00010373     0x34a2 ./Core/Src/Audio.o
 .debug_macro   0x00013815      0x190 ./Core/Src/Audio.o
 .debug_macro   0x000139a5       0x5c ./Core/Src/Audio.o
 .debug_macro   0x00013a01      0x5bc ./Core/Src/Audio.o
 .debug_macro   0x00013fbd      0x289 ./Core/Src/Audio.o
 .debug_macro   0x00014246      0x1cb ./Core/Src/Audio.o
 .debug_macro   0x00014411      0x114 ./Core/Src/Audio.o
 .debug_macro   0x00014525      0x1b2 ./Core/Src/Audio.o
 .debug_macro   0x000146d7       0x27 ./Core/Src/Audio.o
 .debug_macro   0x000146fe      0x136 ./Core/Src/Audio.o
 .debug_macro   0x00014834      0x1bc ./Core/Src/Audio.o
 .debug_macro   0x000149f0       0x34 ./Core/Src/Audio.o
 .debug_macro   0x00014a24       0x3c ./Core/Src/Audio.o
 .debug_macro   0x00014a60       0x57 ./Core/Src/Audio.o
 .debug_macro   0x00014ab7      0x46a ./Core/Src/Audio.o
 .debug_macro   0x00014f21      0x1b5 ./Core/Src/Audio.o
 .debug_macro   0x000150d6       0x87 ./Core/Src/Audio.o
 .debug_macro   0x0001515d      0x240 ./Core/Src/Audio.o
 .debug_macro   0x0001539d      0x287 ./Core/Src/Audio.o
 .debug_macro   0x00015624      0x140 ./Core/Src/Audio.o
 .debug_macro   0x00015764      0x217 ./Core/Src/Audio.o
 .debug_macro   0x0001597b      0x8ed ./Core/Src/Audio.o
 .debug_macro   0x00016268       0x83 ./Core/Src/Audio.o
 .debug_macro   0x000162eb       0x22 ./Core/Src/Audio.o
 .debug_macro   0x0001630d       0x61 ./Core/Src/Audio.o
 .debug_macro   0x0001636e       0x24 ./Core/Src/Audio.o
 .debug_macro   0x00016392       0x43 ./Core/Src/Audio.o
 .debug_macro   0x000163d5       0x34 ./Core/Src/Audio.o
 .debug_macro   0x00016409      0x364 ./Core/Src/Audio.o
 .debug_macro   0x0001676d       0x16 ./Core/Src/Audio.o
 .debug_macro   0x00016783       0x4a ./Core/Src/Audio.o
 .debug_macro   0x000167cd       0x34 ./Core/Src/Audio.o
 .debug_macro   0x00016801       0x10 ./Core/Src/Audio.o
 .debug_macro   0x00016811       0x58 ./Core/Src/Audio.o
 .debug_macro   0x00016869       0x8e ./Core/Src/Audio.o
 .debug_macro   0x000168f7       0x1c ./Core/Src/Audio.o
 .debug_macro   0x00016913      0x17e ./Core/Src/Audio.o
 .debug_macro   0x00016a91      0x19b ./Core/Src/Audio.o
 .debug_macro   0x00016c2c      0x1d7 ./Core/Src/Buttons.o
 .debug_macro   0x00016e03      0x221 ./Core/Src/Game.o
 .debug_macro   0x00017024       0x46 ./Core/Src/Game.o
 .debug_macro   0x0001706a       0x2e ./Core/Src/Game.o
 .debug_macro   0x00017098       0x10 ./Core/Src/Game.o
 .debug_macro   0x000170a8       0x28 ./Core/Src/Game.o
 .debug_macro   0x000170d0      0x1d0 ./Core/Src/Max7219.o
 .debug_macro   0x000172a0       0x40 ./Core/Src/Max7219.o
 .debug_macro   0x000172e0      0x1f2 ./Core/Src/Scoreboard.o
 .debug_macro   0x000174d2       0x22 ./Core/Src/Scoreboard.o
 .debug_macro   0x000174f4      0x1da ./Core/Src/Ssd1306.o
 .debug_macro   0x000176ce       0x1c ./Core/Src/Ssd1306.o
 .debug_macro   0x000176ea      0x1fe ./Core/Src/main.o
 .debug_macro   0x000178e8       0x10 ./Core/Src/main.o
 .debug_macro   0x000178f8       0x34 ./Core/Src/main.o
 .debug_macro   0x0001792c      0x1d0 ./Core/Src/stm32f1xx_hal_msp.o
 .debug_macro   0x00017afc      0x1da ./Core/Src/stm32f1xx_it.o
 .debug_macro   0x00017cd6      0x1c1 ./Core/Src/system_stm32f1xx.o
 .debug_macro   0x00017e97      0x1e5 ./Drivers/STM32F1xx_HAL_Driver/Src/stm32f1xx_hal.o
 .debug_macro   0x0001807c      0x1de ./Drivers/STM32F1xx_HAL_Driver/Src/stm32f1xx_hal_adc.o
 .debug_macro   0x0001825a      0x1c1 ./Drivers/STM32F1xx_HAL_Driver/Src/stm32f1xx_hal_cortex.o
 .debug_macro   0x0001841b      0x1c1 ./Drivers/STM32F1xx_HAL_Driver/Src/stm32f1xx_hal_dma.o
 .debug_macro   0x000185dc      0x22c ./Drivers/STM32F1xx_HAL_Driver/Src/stm32f1xx_hal_gpio.o
 .debug_macro   0x00018808      0x20f ./Drivers/STM32F1xx_HAL_Driver/Src/stm32f1xx_hal_i2c.o
 .debug_macro   0x00018a17      0x1d3 ./Drivers/STM32F1xx_HAL_Driver/Src/stm32f1xx_hal_rcc.o
 .debug_macro   0x00018bea      0x1c1 ./Drivers/STM32F1xx_HAL_Driver/Src/stm32f1xx_hal_rcc_ex.o
 .debug_macro   0x00018dab      0x1c9 ./Drivers/STM32F1xx_HAL_Driver/Src/stm32f1xx_hal_spi.o
 .debug_macro   0x00018f74      0x1c2 ./Drivers/STM32F1xx_HAL_Driver/Src/stm32f1xx_hal_tim.o
 .debug_macro   0x00019136      0x1c1 ./Drivers/STM32F1xx_HAL_Driver/Src/stm32f1xx_hal_tim_ex.o

.debug_line     0x00000000    0x15329
 .debug_line    0x00000000      0xd10 ./Core/Src/Audio.o
 .debug_line    0x00000d10      0x7f0 ./Core/Src/Buttons.o
 .debug_line    0x00001500      0xb06 ./Core/Src/Game.o
 .debug_line    0x00002006      0x81a ./Core/Src/Max7219.o
 .debug_line    0x00002820      0x788 ./Core/Src/Scoreboard.o
 .debug_line    0x00002fa8      0x9cb ./Core/Src/Ssd1306.o
 .debug_line    0x00003973      0x981 ./Core/Src/main.o
 .debug_line    0x000042f4      0x826 ./Core/Src/stm32f1xx_hal_msp.o
 .debug_line    0x00004b1a      0x7b3 ./Core/Src/stm32f1xx_it.o
 .debug_line    0x000052cd      0x76b ./Core/Src/system_stm32f1xx.o
 .debug_line    0x00005a38       0x78 ./Core/Startup/startup_stm32f103c8tx.o
 .debug_line    0x00005ab0      0x99f ./Drivers/STM32F1xx_HAL_Driver/Src/stm32f1xx_hal.o
 .debug_line    0x0000644f      0xfc1 ./Drivers/STM32F1xx_HAL_Driver/Src/stm32f1xx_hal_adc.o
 .debug_line    0x00007410      0xb66 ./Drivers/STM32F1xx_HAL_Driver/Src/stm32f1xx_hal_cortex.o
 .debug_line    0x00007f76      0xda6 ./Drivers/STM32F1xx_HAL_Driver/Src/stm32f1xx_hal_dma.o
 .debug_line    0x00008d1c      0x9f6 ./Drivers/STM32F1xx_HAL_Driver/Src/stm32f1xx_hal_gpio.o
 .debug_line    0x00009712     0x3b99 ./Drivers/STM32F1xx_HAL_Driver/Src/stm32f1xx_hal_i2c.o
 .debug_line    0x0000d2ab      0xe55 ./Drivers/STM32F1xx_HAL_Driver/Src/stm32f1xx_hal_rcc.o
 .debug_line    0x0000e100      0x906 ./Drivers/STM32F1xx_HAL_Driver/Src/stm32f1xx_hal_rcc_ex.o
 .debug_line    0x0000ea06     0x1c33 ./Drivers/STM32F1xx_HAL_Driver/Src/stm32f1xx_hal_spi.o
 .debug_line    0x00010639     0x3490 ./Drivers/STM32F1xx_HAL_Driver/Src/stm32f1xx_hal_tim.o
 .debug_line    0x00013ac9     0x1860 ./Drivers/STM32F1xx_HAL_Driver/Src/stm32f1xx_hal_tim_ex.o

.debug_str      0x00000000    0x91a62
 .debug_str     0x00000000    0x91a62 ./Core/Src/Audio.o
                              0x8d17d (size before relaxing)
 .debug_str     0x00091a62    0x89338 ./Core/Src/Buttons.o
 .debug_str     0x00091a62    0x89c5f ./Core/Src/Game.o
 .debug_str     0x00091a62    0x897f9 ./Core/Src/Max7219.o
 .debug_str     0x00091a62    0x89968 ./Core/Src/Scoreboard.o
 .debug_str     0x00091a62    0x89860 ./Core/Src/Ssd1306.o
 .debug_str     0x00091a62    0x8a6e3 ./Core/Src/main.o
 .debug_str     0x00091a62    0x89e3b ./Core/Src/stm32f1xx_hal_msp.o
 .debug_str     0x00091a62    0x894ab ./Core/Src/stm32f1xx_it.o
 .debug_str     0x00091a62    0x89278 ./Core/Src/system_stm32f1xx.o
 .debug_str     0x00091a62       0x75 ./Core/Startup/startup_stm32f103c8tx.o
 .debug_str     0x00091a62    0x899ab ./Drivers/STM32F1xx_HAL_Driver/Src/stm32f1xx_hal.o
 .debug_str     0x00091a62    0x8995c ./Drivers/STM32F1xx_HAL_Driver/Src/stm32f1xx_hal_adc.o
 .debug_str     0x00091a62    0x898f7 ./Drivers/STM32F1xx_HAL_Driver/Src/stm32f1xx_hal_cortex.o
 .debug_str     0x00091a62    0x89621 ./Drivers/STM32F1xx_HAL_Driver/Src/stm32f1xx_hal_dma.o
 .debug_str     0x00091a62    0x895fe ./Drivers/STM32F1xx_HAL_Driver/Src/stm32f1xx_hal_gpio.o
 .debug_str     0x00091a62    0x8a33f ./Drivers/STM32F1xx_HAL_Driver/Src/stm32f1xx_hal_i2c.o
 .debug_str     0x00091a62    0x896a7 ./Drivers/STM32F1xx_HAL_Driver/Src/stm32f1xx_hal_rcc.o
 .debug_str     0x00091a62    0x893f7 ./Drivers/STM32F1xx_HAL_Driver/Src/stm32f1xx_hal_rcc_ex.o
 .debug_str     0x00091a62    0x89b9e ./Drivers/STM32F1xx_HAL_Driver/Src/stm32f1xx_hal_spi.o
 .debug_str     0x00091a62    0x8a6a9 ./Drivers/STM32F1xx_HAL_Driver/Src/stm32f1xx_hal_tim.o
 .debug_str     0x00091a62    0x89eb5 ./Drivers/STM32F1xx_HAL_Driver/Src/stm32f1xx_hal_tim_ex.o

.comment        0x00000000       0x43
 .comment       0x00000000       0x43 ./Core/Src/Audio.o
                                 0x44 (size before relaxing)
 .comment       0x00000043       0x44 ./Core/Src/Buttons.o
 .comment       0x00000043       0x44 ./Core/Src/Game.o
 .comment       0x00000043       0x44 ./Core/Src/Max7219.o
 .comment       0x00000043       0x44 ./Core/Src/Scoreboard.o
 .comment       0x00000043       0x44 ./Core/Src/Ssd1306.o
 .comment       0x00000043       0x44 ./Core/Src/main.o
 .comment       0x00000043       0x44 ./Core/Src/stm32f1xx_hal_msp.o
 .comment       0x00000043       0x44 ./Core/Src/stm32f1xx_it.o
 .comment       0x00000043       0x44 ./Core/Src/system_stm32f1xx.o
 .comment       0x00000043       0x44 ./Drivers/STM32F1xx_HAL_Driver/Src/stm32f1xx_hal.o
 .comment       0x00000043       0x44 ./Drivers/STM32F1xx_HAL_Driver/Src/stm32f1xx_hal_adc.o
 .comment       0x00000043       0x44 ./Drivers/STM32F1xx_HAL_Driver/Src/stm32f1xx_hal_cortex.o
 .comment       0x00000043       0x44 ./Drivers/STM32F1xx_HAL_Driver/Src/stm32f1xx_hal_dma.o
 .comment       0x00000043       0x44 ./Drivers/STM32F1xx_HAL_Driver/Src/stm32f1xx_hal_gpio.o
 .comment       0x00000043       0x44 ./Drivers/STM32F1xx_HAL_Driver/Src/stm32f1xx_hal_i2c.o
 .comment       0x00000043       0x44 ./Drivers/STM32F1xx_HAL_Driver/Src/stm32f1xx_hal_rcc.o
 .comment       0x00000043       0x44 ./Drivers/STM32F1xx_HAL_Driver/Src/stm32f1xx_hal_rcc_ex.o
 .comment       0x00000043       0x44 ./Drivers/STM32F1xx_HAL_Driver/Src/stm32f1xx_hal_spi.o
 .comment       0x00000043       0x44 ./Drivers/STM32F1xx_HAL_Driver/Src/stm32f1xx_hal_tim.o
 .comment       0x00000043       0x44 ./Drivers/STM32F1xx_HAL_Driver/Src/stm32f1xx_hal_tim_ex.o

.debug_frame    0x00000000     0x48bc
 .debug_frame   0x00000000      0x138 ./Core/Src/Audio.o
 .debug_frame   0x00000138       0xa0 ./Core/Src/Buttons.o
 .debug_frame   0x000001d8      0x19c ./Core/Src/Game.o
 .debug_frame   0x00000374      0x120 ./Core/Src/Max7219.o
 .debug_frame   0x00000494       0x5c ./Core/Src/Scoreboard.o
 .debug_frame   0x000004f0      0x180 ./Core/Src/Ssd1306.o
 .debug_frame   0x00000670      0x130 ./Core/Src/main.o
 .debug_frame   0x000007a0      0x154 ./Core/Src/stm32f1xx_hal_msp.o
 .debug_frame   0x000008f4      0x114 ./Core/Src/stm32f1xx_it.o
 .debug_frame   0x00000a08       0x50 ./Core/Src/system_stm32f1xx.o
 .debug_frame   0x00000a58      0x2e4 ./Drivers/STM32F1xx_HAL_Driver/Src/stm32f1xx_hal.o
 .debug_frame   0x00000d3c      0x3e0 ./Drivers/STM32F1xx_HAL_Driver/Src/stm32f1xx_hal_adc.o
 .debug_frame   0x0000111c      0x3f0 ./Drivers/STM32F1xx_HAL_Driver/Src/stm32f1xx_hal_cortex.o
 .debug_frame   0x0000150c      0x1e8 ./Drivers/STM32F1xx_HAL_Driver/Src/stm32f1xx_hal_dma.o
 .debug_frame   0x000016f4      0x130 ./Drivers/STM32F1xx_HAL_Driver/Src/stm32f1xx_hal_gpio.o
 .debug_frame   0x00001824      0xbf4 ./Drivers/STM32F1xx_HAL_Driver/Src/stm32f1xx_hal_i2c.o
 .debug_frame   0x00002418      0x1f8 ./Drivers/STM32F1xx_HAL_Driver/Src/stm32f1xx_hal_rcc.o
 .debug_frame   0x00002610       0x7c ./Drivers/STM32F1xx_HAL_Driver/Src/stm32f1xx_hal_rcc_ex.o
 .debug_frame   0x0000268c      0x7dc ./Drivers/STM32F1xx_HAL_Driver/Src/stm32f1xx_hal_spi.o
 .debug_frame   0x00002e68     0x10e8 ./Drivers/STM32F1xx_HAL_Driver/Src/stm32f1xx_hal_tim.o
 .debug_frame   0x00003f50      0x600 ./Drivers/STM32F1xx_HAL_Driver/Src/stm32f1xx_hal_tim_ex.o
 .debug_frame   0x00004550       0x20 /Applications/STM32CubeIDE.app/Contents/Eclipse/plugins/com.st.stm32cube.ide.mcu.externaltools.gnu-tools-for-stm32.14.3.rel1.macosaarch64_1.0.0.202602081740/tools/bin/../lib/gcc/arm-none-eabi/14.3.1/../../../../arm-none-eabi/lib/thumb/v7-m/nofp/libc_nano.a(libc_a-memset.o)
 .debug_frame   0x00004570       0x2c /Applications/STM32CubeIDE.app/Contents/Eclipse/plugins/com.st.stm32cube.ide.mcu.externaltools.gnu-tools-for-stm32.14.3.rel1.macosaarch64_1.0.0.202602081740/tools/bin/../lib/gcc/arm-none-eabi/14.3.1/../../../../arm-none-eabi/lib/thumb/v7-m/nofp/libc_nano.a(libc_a-init.o)
 .debug_frame   0x0000459c       0x38 /Applications/STM32CubeIDE.app/Contents/Eclipse/plugins/com.st.stm32cube.ide.mcu.externaltools.gnu-tools-for-stm32.14.3.rel1.macosaarch64_1.0.0.202602081740/tools/bin/../lib/gcc/arm-none-eabi/14.3.1/../../../../arm-none-eabi/lib/thumb/v7-m/nofp/libm.a(libm_a-sf_cos.o)
 .debug_frame   0x000045d4       0x34 /Applications/STM32CubeIDE.app/Contents/Eclipse/plugins/com.st.stm32cube.ide.mcu.externaltools.gnu-tools-for-stm32.14.3.rel1.macosaarch64_1.0.0.202602081740/tools/bin/../lib/gcc/arm-none-eabi/14.3.1/../../../../arm-none-eabi/lib/thumb/v7-m/nofp/libm.a(libm_a-kf_cos.o)
 .debug_frame   0x00004608       0x34 /Applications/STM32CubeIDE.app/Contents/Eclipse/plugins/com.st.stm32cube.ide.mcu.externaltools.gnu-tools-for-stm32.14.3.rel1.macosaarch64_1.0.0.202602081740/tools/bin/../lib/gcc/arm-none-eabi/14.3.1/../../../../arm-none-eabi/lib/thumb/v7-m/nofp/libm.a(libm_a-kf_sin.o)
 .debug_frame   0x0000463c       0x48 /Applications/STM32CubeIDE.app/Contents/Eclipse/plugins/com.st.stm32cube.ide.mcu.externaltools.gnu-tools-for-stm32.14.3.rel1.macosaarch64_1.0.0.202602081740/tools/bin/../lib/gcc/arm-none-eabi/14.3.1/../../../../arm-none-eabi/lib/thumb/v7-m/nofp/libm.a(libm_a-ef_rem_pio2.o)
 .debug_frame   0x00004684       0x20 /Applications/STM32CubeIDE.app/Contents/Eclipse/plugins/com.st.stm32cube.ide.mcu.externaltools.gnu-tools-for-stm32.14.3.rel1.macosaarch64_1.0.0.202602081740/tools/bin/../lib/gcc/arm-none-eabi/14.3.1/../../../../arm-none-eabi/lib/thumb/v7-m/nofp/libm.a(libm_a-sf_fabs.o)
 .debug_frame   0x000046a4       0x50 /Applications/STM32CubeIDE.app/Contents/Eclipse/plugins/com.st.stm32cube.ide.mcu.externaltools.gnu-tools-for-stm32.14.3.rel1.macosaarch64_1.0.0.202602081740/tools/bin/../lib/gcc/arm-none-eabi/14.3.1/../../../../arm-none-eabi/lib/thumb/v7-m/nofp/libm.a(libm_a-kf_rem_pio2.o)
 .debug_frame   0x000046f4       0x30 /Applications/STM32CubeIDE.app/Contents/Eclipse/plugins/com.st.stm32cube.ide.mcu.externaltools.gnu-tools-for-stm32.14.3.rel1.macosaarch64_1.0.0.202602081740/tools/bin/../lib/gcc/arm-none-eabi/14.3.1/../../../../arm-none-eabi/lib/thumb/v7-m/nofp/libm.a(libm_a-sf_floor.o)
 .debug_frame   0x00004724       0x28 /Applications/STM32CubeIDE.app/Contents/Eclipse/plugins/com.st.stm32cube.ide.mcu.externaltools.gnu-tools-for-stm32.14.3.rel1.macosaarch64_1.0.0.202602081740/tools/bin/../lib/gcc/arm-none-eabi/14.3.1/../../../../arm-none-eabi/lib/thumb/v7-m/nofp/libm.a(libm_a-sf_scalbn.o)
 .debug_frame   0x0000474c       0x4c /Applications/STM32CubeIDE.app/Contents/Eclipse/plugins/com.st.stm32cube.ide.mcu.externaltools.gnu-tools-for-stm32.14.3.rel1.macosaarch64_1.0.0.202602081740/tools/bin/../lib/gcc/arm-none-eabi/14.3.1/thumb/v7-m/nofp/libgcc.a(_arm_addsubsf3.o)
 .debug_frame   0x00004798       0x38 /Applications/STM32CubeIDE.app/Contents/Eclipse/plugins/com.st.stm32cube.ide.mcu.externaltools.gnu-tools-for-stm32.14.3.rel1.macosaarch64_1.0.0.202602081740/tools/bin/../lib/gcc/arm-none-eabi/14.3.1/thumb/v7-m/nofp/libgcc.a(_arm_muldivsf3.o)
 .debug_frame   0x000047d0       0xc8 /Applications/STM32CubeIDE.app/Contents/Eclipse/plugins/com.st.stm32cube.ide.mcu.externaltools.gnu-tools-for-stm32.14.3.rel1.macosaarch64_1.0.0.202602081740/tools/bin/../lib/gcc/arm-none-eabi/14.3.1/thumb/v7-m/nofp/libgcc.a(_arm_cmpsf2.o)
 .debug_frame   0x00004898       0x24 /Applications/STM32CubeIDE.app/Contents/Eclipse/plugins/com.st.stm32cube.ide.mcu.externaltools.gnu-tools-for-stm32.14.3.rel1.macosaarch64_1.0.0.202602081740/tools/bin/../lib/gcc/arm-none-eabi/14.3.1/thumb/v7-m/nofp/libgcc.a(_arm_fixsfsi.o)

.debug_line_str
                0x00000000       0x59
 .debug_line_str
                0x00000000       0x59 ./Core/Startup/startup_stm32f103c8tx.o
